Component: Arm Compiler for Embedded 6.19 Tool: armlink [5e73cb00]

==============================================================================

Section Cross References

    main.o(.text.main) refers to main.o(.text.UART1) for UART1
    main.o(.text.main) refers to main.o(.text.delayMS) for delayMS
    main.o(.text.main) refers to main.o(.rodata.str1.1) for .L.str
    main.o(.text.main) refers to printf.o(.text) for printf
    main.o(.text.main) refers to main.o(.data.__stdout) for __stdout
    main.o(.text.main) refers to fprintf.o(.text) for fprintf
    main.o(.text.main) refers to main.o(.data.__stderr) for __stderr
    main.o(.text.main) refers to scanf.o(.text) for scanf
    main.o(.text.main) refers to gets.o(.text) for gets
    main.o(.text.main) refers to puts.o(.text) for puts
    main.o(.ARM.exidx.text.main) refers to main.o(.text.main) for [Anonymous Symbol]
    main.o(.ARM.exidx.text.UART1) refers to main.o(.text.UART1) for [Anonymous Symbol]
    main.o(.ARM.exidx.text.delayMS) refers to main.o(.text.delayMS) for [Anonymous Symbol]
    main.o(.ARM.exidx.text.UART1_write) refers to main.o(.text.UART1_write) for [Anonymous Symbol]
    main.o(.ARM.exidx.text.UART1_read) refers to main.o(.text.UART1_read) for [Anonymous Symbol]
    main.o(.text.fgetc) refers to main.o(.text.UART1_read) for UART1_read
    main.o(.text.fgetc) refers to main.o(.text.UART1_write) for UART1_write
    main.o(.ARM.exidx.text.fgetc) refers to main.o(.text.fgetc) for [Anonymous Symbol]
    main.o(.text.fputc) refers to main.o(.text.UART1_write) for UART1_write
    main.o(.ARM.exidx.text.fputc) refers to main.o(.text.fputc) for [Anonymous Symbol]
    startup_stm32f401xc.o(STACK) refers (Special) to heapauxi.o(.text) for __use_two_region_memory
    startup_stm32f401xc.o(HEAP) refers (Special) to heapauxi.o(.text) for __use_two_region_memory
    startup_stm32f401xc.o(RESET) refers (Special) to heapauxi.o(.text) for __use_two_region_memory
    startup_stm32f401xc.o(RESET) refers to startup_stm32f401xc.o(STACK) for __initial_sp
    startup_stm32f401xc.o(RESET) refers to startup_stm32f401xc.o(.text) for Reset_Handler
    startup_stm32f401xc.o(.text) refers (Special) to heapauxi.o(.text) for __use_two_region_memory
    startup_stm32f401xc.o(.text) refers to system_stm32f4xx.o(.text.SystemInit) for SystemInit
    startup_stm32f401xc.o(.text) refers to __main.o(!!!main) for __main
    startup_stm32f401xc.o(.text) refers to startup_stm32f401xc.o(HEAP) for Heap_Mem
    startup_stm32f401xc.o(.text) refers to startup_stm32f401xc.o(STACK) for Stack_Mem
    system_stm32f4xx.o(.ARM.exidx.text.SystemInit) refers to system_stm32f4xx.o(.text.SystemInit) for [Anonymous Symbol]
    system_stm32f4xx.o(.text.SystemCoreClockUpdate) refers to system_stm32f4xx.o(.data.SystemCoreClock) for SystemCoreClock
    system_stm32f4xx.o(.text.SystemCoreClockUpdate) refers to system_stm32f4xx.o(.rodata.AHBPrescTable) for AHBPrescTable
    system_stm32f4xx.o(.ARM.exidx.text.SystemCoreClockUpdate) refers to system_stm32f4xx.o(.text.SystemCoreClockUpdate) for [Anonymous Symbol]
    printf.o(.text) refers (Special) to _printf_a.o(.ARM.Collect$$_printf_percent$$00000006) for _printf_a
    printf.o(.text) refers (Special) to _printf_c.o(.ARM.Collect$$_printf_percent$$00000013) for _printf_c
    printf.o(.text) refers (Special) to _printf_charcount.o(.text) for _printf_charcount
    printf.o(.text) refers (Special) to _printf_d.o(.ARM.Collect$$_printf_percent$$00000009) for _printf_d
    printf.o(.text) refers (Special) to _printf_e.o(.ARM.Collect$$_printf_percent$$00000004) for _printf_e
    printf.o(.text) refers (Special) to _printf_f.o(.ARM.Collect$$_printf_percent$$00000003) for _printf_f
    printf.o(.text) refers (Special) to printf1.o(x$fpl$printf1) for _printf_fp_dec
    printf.o(.text) refers (Special) to printf2.o(x$fpl$printf2) for _printf_fp_hex
    printf.o(.text) refers (Special) to _printf_g.o(.ARM.Collect$$_printf_percent$$00000005) for _printf_g
    printf.o(.text) refers (Special) to _printf_i.o(.ARM.Collect$$_printf_percent$$00000008) for _printf_i
    printf.o(.text) refers (Special) to _printf_dec.o(.text) for _printf_int_dec
    printf.o(.text) refers (Special) to _printf_l.o(.ARM.Collect$$_printf_percent$$00000012) for _printf_l
    printf.o(.text) refers (Special) to _printf_lc.o(.ARM.Collect$$_printf_percent$$00000015) for _printf_lc
    printf.o(.text) refers (Special) to _printf_ll.o(.ARM.Collect$$_printf_percent$$00000007) for _printf_ll
    printf.o(.text) refers (Special) to _printf_lld.o(.ARM.Collect$$_printf_percent$$0000000E) for _printf_lld
    printf.o(.text) refers (Special) to _printf_lli.o(.ARM.Collect$$_printf_percent$$0000000D) for _printf_lli
    printf.o(.text) refers (Special) to _printf_llo.o(.ARM.Collect$$_printf_percent$$00000010) for _printf_llo
    printf.o(.text) refers (Special) to _printf_llu.o(.ARM.Collect$$_printf_percent$$0000000F) for _printf_llu
[...]
    .ARM.Collect$$libinit$$00000004          0x0800029e   Section        0  libinit2.o(.ARM.Collect$$libinit$$00000004)
    .ARM.Collect$$libinit$$00000006          0x0800029e   Section        0  libinit2.o(.ARM.Collect$$libinit$$00000006)
    .ARM.Collect$$libinit$$0000000C          0x0800029e   Section        0  libinit2.o(.ARM.Collect$$libinit$$0000000C)
    .ARM.Collect$$libinit$$0000000E          0x0800029e   Section        0  libinit2.o(.ARM.Collect$$libinit$$0000000E)
    .ARM.Collect$$libinit$$00000010          0x0800029e   Section        0  libinit2.o(.ARM.Collect$$libinit$$00000010)
    .ARM.Collect$$libinit$$00000011          0x0800029e   Section        6  libinit2.o(.ARM.Collect$$libinit$$00000011)
    .ARM.Collect$$libinit$$00000013          0x080002a4   Section        0  libinit2.o(.ARM.Collect$$libinit$$00000013)
    .ARM.Collect$$libinit$$00000014          0x080002a4   Section       12  libinit2.o(.ARM.Collect$$libinit$$00000014)
    .ARM.Collect$$libinit$$00000015          0x080002b0   Section        0  libinit2.o(.ARM.Collect$$libinit$$00000015)
    .ARM.Collect$$libinit$$00000017          0x080002b0   Section        0  libinit2.o(.ARM.Collect$$libinit$$00000017)
    .ARM.Collect$$libinit$$00000018          0x080002b0   Section       10  libinit2.o(.ARM.Collect$$libinit$$00000018)
    .ARM.Collect$$libinit$$00000019          0x080002ba   Section        0  libinit2.o(.ARM.Collect$$libinit$$00000019)
    .ARM.Collect$$libinit$$0000001B          0x080002ba   Section        0  libinit2.o(.ARM.Collect$$libinit$$0000001B)
    .ARM.Collect$$libinit$$0000001D          0x080002ba   Section        0  libinit2.o(.ARM.Collect$$libinit$$0000001D)
    .ARM.Collect$$libinit$$0000001F          0x080002ba   Section        0  libinit2.o(.ARM.Collect$$libinit$$0000001F)
    .ARM.Collect$$libinit$$00000021          0x080002ba   Section        0  libinit2.o(.ARM.Collect$$libinit$$00000021)
    .ARM.Collect$$libinit$$00000023          0x080002ba   Section        0  libinit2.o(.ARM.Collect$$libinit$$00000023)
    .ARM.Collect$$libinit$$00000025          0x080002ba   Section        0  libinit2.o(.ARM.Collect$$libinit$$00000025)
    .ARM.Collect$$libinit$$00000027          0x080002ba   Section        0  libinit2.o(.ARM.Collect$$libinit$$00000027)
    .ARM.Collect$$libinit$$0000002E          0x080002ba   Section        0  libinit2.o(.ARM.Collect$$libinit$$0000002E)
    .ARM.Collect$$libinit$$00000030          0x080002ba   Section        0  libinit2.o(.ARM.Collect$$libinit$$00000030)
    .ARM.Collect$$libinit$$00000032          0x080002ba   Section        0  libinit2.o(.ARM.Collect$$libinit$$00000032)
    .ARM.Collect$$libinit$$00000034          0x080002ba   Section        0  libinit2.o(.ARM.Collect$$libinit$$00000034)
    .ARM.Collect$$libinit$$00000035          0x080002ba   Section        2  libinit2.o(.ARM.Collect$$libinit$$00000035)
    .ARM.Collect$$libshutdown$$00000000      0x080002bc   Section        2  libshutdown.o(.ARM.Collect$$libshutdown$$00000000)
    .ARM.Collect$$libshutdown$$00000002      0x080002be   Section        0  libshutdown2.o(.ARM.Collect$$libshutdown$$00000002)
    .ARM.Collect$$libshutdown$$00000004      0x080002be   Section        0  libshutdown2.o(.ARM.Collect$$libshutdown$$00000004)
    .ARM.Collect$$libshutdown$$00000007      0x080002be   Section        0  libshutdown2.o(.ARM.Collect$$libshutdown$$00000007)
    .ARM.Collect$$libshutdown$$0000000A      0x080002be   Section        0  libshutdown2.o(.ARM.Collect$$libshutdown$$0000000A)
    .ARM.Collect$$libshutdown$$0000000C      0x080002be   Section        0  libshutdown2.o(.ARM.Collect$$libshutdown$$0000000C)
    .ARM.Collect$$libshutdown$$0000000F      0x080002be   Section        0  libshutdown2.o(.ARM.Collect$$libshutdown$$0000000F)
    .ARM.Collect$$libshutdown$$00000010      0x080002be   Section        2  libshutdown2.o(.ARM.Collect$$libshutdown$$00000010)
    .ARM.Collect$$rtentry$$00000000          0x080002c0   Section        0  __rtentry.o(.ARM.Collect$$rtentry$$00000000)
    .ARM.Collect$$rtentry$$00000002          0x080002c0   Section        0  __rtentry2.o(.ARM.Collect$$rtentry$$00000002)
    .ARM.Collect$$rtentry$$00000004          0x080002c0   Section        6  __rtentry4.o(.ARM.Collect$$rtentry$$00000004)
    .ARM.Collect$$rtentry$$00000009          0x080002c6   Section        0  __rtentry2.o(.ARM.Collect$$rtentry$$00000009)
    .ARM.Collect$$rtentry$$0000000A          0x080002c6   Section        4  __rtentry2.o(.ARM.Collect$$rtentry$$0000000A)
    .ARM.Collect$$rtentry$$0000000C          0x080002ca   Section        0  __rtentry2.o(.ARM.Collect$$rtentry$$0000000C)
    .ARM.Collect$$rtentry$$0000000D          0x080002ca   Section        8  __rtentry2.o(.ARM.Collect$$rtentry$$0000000D)
    .ARM.Collect$$rtexit$$00000000           0x080002d2   Section        2  rtexit.o(.ARM.Collect$$rtexit$$00000000)
    .ARM.Collect$$rtexit$$00000002           0x080002d4   Section        0  rtexit2.o(.ARM.Collect$$rtexit$$00000002)
    .ARM.Collect$$rtexit$$00000003           0x080002d4   Section        4  rtexit2.o(.ARM.Collect$$rtexit$$00000003)
    .ARM.Collect$$rtexit$$00000004           0x080002d8   Section        6  rtexit2.o(.ARM.Collect$$rtexit$$00000004)
    $v0                                      0x080002e0   Number         0  startup_stm32f401xc.o(.text)
    .text                                    0x080002e0   Section       64  startup_stm32f401xc.o(.text)
    .text                                    0x08000320   Section        0  printf.o(.text)
    .text                                    0x08000338   Section        0  fprintf.o(.text)
    .text                                    0x0800034c   Section        0  scanf.o(.text)
    .text                                    0x0800036c   Section        0  gets.o(.text)
    .text                                    0x080003a4   Section        0  puts.o(.text)
    .text                                    0x080003d0   Section        0  heapauxi.o(.text)
    .text                                    0x080003d6   Section        0  _printf_pad.o(.text)
    .text                                    0x08000424   Section        0  _printf_truncate.o(.text)
    .text                                    0x08000448   Section        0  _printf_str.o(.text)
    .text                                    0x0800049c   Section        0  _printf_dec.o(.text)
    .text                                    0x08000514   Section        0  _printf_charcount.o(.text)
    .text                                    0x0800053c   Section        0  _printf_char_file.o(.text)
    .text                                    0x08000560   Section        0  _printf_wctomb.o(.text)
    .text                                    0x0800061c   Section        0  _printf_longlong_dec.o(.text)
    _printf_longlong_oct_internal            0x08000699   Thumb Code     0  _printf_oct_int_ll.o(.text)
    .text                                    0x08000698   Section        0  _printf_oct_int_ll.o(.text)
    _printf_hex_common                       0x08000709   Thumb Code     0  _printf_hex_int_ll_ptr.o(.text)
    .text                                    0x08000708   Section        0  _printf_hex_int_ll_ptr.o(.text)
    .text                                    0x0800079c   Section        0  __printf_flags_ss_wp.o(.text)
    .text                                    0x08000924   Section        0  _scanf_longlong.o(.text)
    .text                                    0x08000a7a   Section        0  _scanf_int.o(.text)
    .text                                    0x08000bc6   Section        0  _scanf_str.o(.text)
    .text                                    0x08000ca8   Section        0  scanf_char_file.o(.text)
    .text                                    0x08000cc0   Section        0  _scanf_mbtowc.o(.text)
    .text                                    0x08000dd4   Section        0  _scanf_wctomb.o(.text)
    .text                                    0x08000ebc   Section        0  _scanf_wstr.o(.text)
    .text                                    0x08000f8c   Section        0  ferror.o(.text)
    .text                                    0x08000f94   Section      138  lludiv10.o(.text)
    .text                                    0x0800101e   Section        0  _printf_intcommon.o(.text)
    _fp_digits                               0x080010d1   Thumb Code   432  _printf_fp_dec.o(.text)
    .text                                    0x080010d0   Section        0  _printf_fp_dec.o(.text)
    .text                                    0x080014ec   Section        0  _printf_fp_hex.o(.text)
    _printf_input_char                       0x080017e9   Thumb Code    10  _printf_char_common.o(.text)
    .text                                    0x080017e8   Section        0  _printf_char_common.o(.text)
    .text                                    0x08001818   Section        0  _printf_char.o(.text)
    .text                                    0x08001844   Section        0  _printf_wchar.o(.text)
    .text                                    0x08001870   Section        0  _chval.o(.text)
    _fp_value                                0x0800188d   Thumb Code   588  scanf_fp.o(.text)
    .text                                    0x0800188c   Section        0  scanf_fp.o(.text)
    _scanf_char_input                        0x08001d85   Thumb Code    12  scanf_char.o(.text)
    .text                                    0x08001d84   Section        0  scanf_char.o(.text)
    .text                                    0x08001db0   Section        0  _scanf_wcharmap.o(.text)
    .text                                    0x08001dce   Section        0  backspace.o(.text)
    .text                                    0x08001e16   Section        0  _mbrtoc16.o(.text)
    .text                                    0x08001e56   Section        0  _c16rtomb.o(.text)
    .text                                    0x08001e9e   Section       74  sys_stackheap_outer.o(.text)
    .text                                    0x08001ee8   Section       16  rt_ctype_table.o(.text)
    .text                                    0x08001ef8   Section        8  rt_locale_intlibspace.o(.text)
    .text                                    0x08001f00   Section        8  rt_errno_addr_intlibspace.o(.text)
    .text                                    0x08001f08   Section       38  llshl.o(.text)
    .text                                    0x08001f2e   Section        0  isspace.o(.text)
    .text                                    0x08001f40   Section        0  _printf_fp_infnan.o(.text)
    .text                                    0x08001fc0   Section        0  _scanf.o(.text)
    .text                                    0x08002334   Section        0  bigflt0.o(.text)
    .text                                    0x08002418   Section        0  ungetc.o(.text)
    .text                                    0x08002460   Section        0  exit.o(.text)
    .text                                    0x08002474   Section        8  libspace.o(.text)
    .text                                    0x0800247c   Section        0  _rserrno.o(.text)
    .text                                    0x08002494   Section        0  scanf_hexfp.o(.text)
    .text                                    0x080027b4   Section        0  scanf_infnan.o(.text)
    .text                                    0x080028e8   Section      124  strcmpv7em.o(.text)
    .text                                    0x08002964   Section        0  sys_exit.o(.text)
    .text                                    0x08002970   Section        2  use_no_semi.o(.text)
    .text                                    0x08002972   Section        0  indicate_semi.o(.text)
    [Anonymous Symbol]                       0x08002974   Section        0  system_stm32f4xx.o(.text.SystemInit)
    [Anonymous Symbol]                       0x08002988   Section        0  main.o(.text.UART1)
    [Anonymous Symbol]                       0x080029f4   Section        0  main.o(.text.UART1_read)
    [Anonymous Symbol]                       0x08002a18   Section        0  main.o(.text.UART1_write)
    [Anonymous Symbol]                       0x08002a48   Section        0  main.o(.text.delayMS)
    [Anonymous Symbol]                       0x08002a88   Section        0  main.o(.text.fgetc)
    [Anonymous Symbol]                       0x08002ab4   Section        0  main.o(.text.fputc)
    [Anonymous Symbol]                       0x08002ac8   Section        0  main.o(.text.main)
    CL$$btod_d2e                             0x08002b6e   Section       62  btod.o(CL$$btod_d2e)
    CL$$btod_d2e_denorm_low                  0x08002bac   Section       70  btod.o(CL$$btod_d2e_denorm_low)
    CL$$btod_d2e_norm_op1                    0x08002bf2   Section       96  btod.o(CL$$btod_d2e_norm_op1)
    CL$$btod_div_common                      0x08002c54   Section      824  btod.o(CL$$btod_div_common)
    CL$$btod_e2d                             0x08002f8c   Section      132  btod.o(CL$$btod_e2d)
    CL$$btod_e2e                             0x08003010   Section      220  btod.o(CL$$btod_e2e)
    CL$$btod_ediv                            0x080030ec   Section       42  btod.o(CL$$btod_ediv)
    CL$$btod_edivd                           0x08003116   Section       42  btod.o(CL$$btod_edivd)
    CL$$btod_emul                            0x08003140   Section       42  btod.o(CL$$btod_emul)
    CL$$btod_emuld                           0x0800316a   Section       42  btod.o(CL$$btod_emuld)
    CL$$btod_mult_common                     0x08003194   Section      580  btod.o(CL$$btod_mult_common)
    i.__ARM_fpclassify                       0x080033d8   Section        0  fpclassify.o(i.__ARM_fpclassify)
    i.__hardfp___mathlib_tofloat             0x08003408   Section        0  narrow.o(i.__hardfp___mathlib_tofloat)
    i.__hardfp_ldexp                         0x08003500   Section        0  ldexp.o(i.__hardfp_ldexp)
    i.__mathlib_dbl_overflow                 0x080035d0   Section        0  dunder.o(i.__mathlib_dbl_overflow)
    i.__mathlib_dbl_underflow                0x080035f0   Section        0  dunder.o(i.__mathlib_dbl_underflow)
    i.__mathlib_narrow                       0x08003610   Section        0  narrow.o(i.__mathlib_narrow)
    i.__support_ldexp                        0x08003622   Section        0  ldexp.o(i.__support_ldexp)
    i._is_digit                              0x08003636   Section        0  __printf_wp.o(i._is_digit)
    i.frexp                                  0x08003648   Section        0  frexp.o(i.frexp)
    locale$$code                             0x080036d4   Section       44  lc_numeric_c.o(locale$$code)
    locale$$code                             0x08003700   Section       44  lc_ctype_c.o(locale$$code)
    $v0                                      0x0800372c   Number         0  d2f.o(x$fpl$d2f)
    x$fpl$d2f                                0x0800372c   Section       98  d2f.o(x$fpl$d2f)
    $v0                                      0x08003790   Number         0  dcheck1.o(x$fpl$dcheck1)
    x$fpl$dcheck1                            0x08003790   Section       16  dcheck1.o(x$fpl$dcheck1)
    $v0                                      0x080037a0   Number         0  dcmpi.o(x$fpl$dcmpinf)
    x$fpl$dcmpinf                            0x080037a0   Section       24  dcmpi.o(x$fpl$dcmpinf)
    $v0                                      0x080037b8   Number         0  deqf.o(x$fpl$deqf)
    x$fpl$deqf                               0x080037b8   Section      120  deqf.o(x$fpl$deqf)
    $v0                                      0x08003830   Number         0  dleqf.o(x$fpl$dleqf)
    x$fpl$dleqf                              0x08003830   Section      120  dleqf.o(x$fpl$dleqf)
    $v0                                      0x080038a8   Number         0  dmul.o(x$fpl$dmul)
    x$fpl$dmul                               0x080038a8   Section      340  dmul.o(x$fpl$dmul)
    $v0                                      0x080039fc   Number         0  dnaninf.o(x$fpl$dnaninf)
    x$fpl$dnaninf                            0x080039fc   Section      156  dnaninf.o(x$fpl$dnaninf)
    $v0                                      0x08003a98   Number         0  dretinf.o(x$fpl$dretinf)
    x$fpl$dretinf                            0x08003a98   Section       12  dretinf.o(x$fpl$dretinf)
    $v0                                      0x08003aa4   Number         0  drleqf.o(x$fpl$drleqf)
    x$fpl$drleqf                             0x08003aa4   Section      108  drleqf.o(x$fpl$drleqf)
    $v0                                      0x08003b10   Number         0  fpinit.o(x$fpl$fpinit)
    x$fpl$fpinit                             0x08003b10   Section       26  fpinit.o(x$fpl$fpinit)
    $v0                                      0x08003b2a   Number         0  fretinf.o(x$fpl$fretinf)
    x$fpl$fretinf                            0x08003b2a   Section       10  fretinf.o(x$fpl$fretinf)
    $v0                                      0x08003b34   Number         0  istatus.o(x$fpl$ieeestatus)
    x$fpl$ieeestatus                         0x08003b34   Section        6  istatus.o(x$fpl$ieeestatus)
    $v0                                      0x08003b3a   Number         0  printf1.o(x$fpl$printf1)
    x$fpl$printf1                            0x08003b3a   Section        4  printf1.o(x$fpl$printf1)
    $v0                                      0x08003b3e   Number         0  printf2.o(x$fpl$printf2)
    x$fpl$printf2                            0x08003b3e   Section        4  printf2.o(x$fpl$printf2)
    $v0                                      0x08003b42   Number         0  retnan.o(x$fpl$retnan)
    x$fpl$retnan                             0x08003b42   Section      100  retnan.o(x$fpl$retnan)
    $v0                                      0x08003ba6   Number         0  scalbn.o(x$fpl$scalbn)
    x$fpl$scalbn                             0x08003ba6   Section       92  scalbn.o(x$fpl$scalbn)
    $v0                                      0x08003c02   Number         0  scanf1.o(x$fpl$scanf1)
    x$fpl$scanf1                             0x08003c02   Section        4  scanf1.o(x$fpl$scanf1)
    $v0                                      0x08003c06   Number         0  scanf2.o(x$fpl$scanf2)
    x$fpl$scanf2                             0x08003c06   Section        8  scanf2.o(x$fpl$scanf2)
    $v0                                      0x08003c0e   Number         0  trapv.o(x$fpl$trapveneer)
    x$fpl$trapveneer                         0x08003c0e   Section       48  trapv.o(x$fpl$trapveneer)
    x$fpl$usenofp                            0x08003c3e   Section        0  usenofp.o(x$fpl$usenofp)
    initial_mbstate                          0x08003c40   Data           8  _printf_wctomb.o(.constdata)
    .constdata                               0x08003c40   Section        8  _printf_wctomb.o(.constdata)
    uc_hextab                                0x08003c48   Data          20  _printf_hex_int_ll_ptr.o(.constdata)
    .constdata                               0x08003c48   Section       40  _printf_hex_int_ll_ptr.o(.constdata)
    lc_hextab                                0x08003c5c   Data          20  _printf_hex_int_ll_ptr.o(.constdata)
    maptable                                 0x08003c70   Data          17  __printf_flags_ss_wp.o(.constdata)
    .constdata                               0x08003c70   Section       17  __printf_flags_ss_wp.o(.constdata)
    lc_hextab                                0x08003c81   Data          19  _printf_fp_hex.o(.constdata)
    .constdata                               0x08003c81   Section       38  _printf_fp_hex.o(.constdata)
    uc_hextab                                0x08003c94   Data          19  _printf_fp_hex.o(.constdata)
    tenpwrs_x                                0x08003ca8   Data          60  bigflt0.o(.constdata)
    .constdata                               0x08003ca8   Section      148  bigflt0.o(.constdata)
    tenpwrs_i                                0x08003ce4   Data          64  bigflt0.o(.constdata)
    .L.str.5                                 0x08003d3c   Data          19  main.o(.rodata.str1.1)
    [Anonymous Symbol]                       0x08003d3c   Section        0  main.o(.rodata.str1.1)
    .L.str                                   0x08003d4f   Data          28  main.o(.rodata.str1.1)
    .L.str.2                                 0x08003d6b   Data          18  main.o(.rodata.str1.1)
    .L.str.1                                 0x08003d7d   Data          18  main.o(.rodata.str1.1)
    .L.str.8                                 0x08003d8c   Data           3  main.o(.rodata.str1.1)
    .L.str.7                                 0x08003d8f   Data          19  main.o(.rodata.str1.1)
    .L.str.6                                 0x08003da2   Data          23  main.o(.rodata.str1.1)
    .L.str.3                                 0x08003db9   Data          18  main.o(.rodata.str1.1)
    .L.str.4                                 0x08003dcb   Data           3  main.o(.rodata.str1.1)
    c$$dinf                                  0x08003df0   Section        8  fpconst.o(c$$dinf)
    c$$dmax                                  0x08003df8   Section        8  fpconst.o(c$$dmax)
    locale$$data                             0x08003e00   Section       28  lc_numeric_c.o(locale$$data)
    __lcnum_c_name                           0x08003e04   Data           2  lc_numeric_c.o(locale$$data)
    __lcnum_c_start                          0x08003e0c   Data           0  lc_numeric_c.o(locale$$data)
    __lcnum_c_point                          0x08003e18   Data           0  lc_numeric_c.o(locale$$data)
    __lcnum_c_thousands                      0x08003e1a   Data           0  lc_numeric_c.o(locale$$data)
    __lcnum_c_grouping                       0x08003e1b   Data           0  lc_numeric_c.o(locale$$data)
    __lcnum_c_end                            0x08003e1c   Data           0  lc_numeric_c.o(locale$$data)
    locale$$data                             0x08003e1c   Section      272  lc_ctype_c.o(locale$$data)
    __lcctype_c_name                         0x08003e20   Data           2  lc_ctype_c.o(locale$$data)
    __lcctype_c_start                        0x08003e28   Data           0  lc_ctype_c.o(locale$$data)
    __lcctype_c_end                          0x08003f2c   Data           0  lc_ctype_c.o(locale$$data)
    .bss                                     0x200000a8   Section       96  libspace.o(.bss)
    Heap_Mem                                 0x20000160   Data         512  startup_stm32f401xc.o(HEAP)
    HEAP                                     0x20000160   Section      512  startup_stm32f401xc.o(HEAP)
    Stack_Mem                                0x20000360   Data        1024  startup_stm32f401xc.o(STACK)
    STACK                                    0x20000360   Section     1024  startup_stm32f401xc.o(STACK)
    __initial_sp                             0x20000760   Data           0  startup_stm32f401xc.o(STACK)

    Global Symbols

    Symbol Name                              Value     Ov Type        Size  Object(Section)

    BuildAttributes$$THM_ISAv4$E$P$D$K$B$S$7EM$VFPi3$EXTD16$VFPS$VFMA$PE$A:L22UL41UL21$X:L11$S22US41US21$IEEE1$IW$~IW$USESV6$~STKCKD$USESV7$~SHL$OTIME$ROPI$IEEEX$EBA8$UX$STANDARDLIB$REQ8$PRES8$EABIv2 0x00000000   Number         0  anon$$obj.o ABSOLUTE
    _printf_flags                            0x00000000   Number         0  printf_stubs.o ABSOLUTE
    _printf_return_value                     0x00000000   Number         0  printf_stubs.o ABSOLUTE
    _printf_sizespec                         0x00000000   Number         0  printf_stubs.o ABSOLUTE
    _printf_widthprec                        0x00000000   Number         0  printf_stubs.o ABSOLUTE
    __ARM_exceptions_init                     - Undefined Weak Reference
    __alloca_initialize                       - Undefined Weak Reference
    __arm_preinit_                            - Undefined Weak Reference
    __arm_relocate_pie_                       - Undefined Weak Reference
    __cpp_initialize__aeabi_                  - Undefined Weak Reference
    __cxa_finalize                            - Undefined Weak Reference
    __sigvec_lookup                           - Undefined Weak Reference
    _atexit_init                              - Undefined Weak Reference
    _call_atexit_fns                          - Undefined Weak Reference
    _clock_init                               - Undefined Weak Reference
    _fp_trap_init                             - Undefined Weak Reference
    _fp_trap_shutdown                         - Undefined Weak Reference
    _get_lc_collate                           - Undefined Weak Reference
    _get_lc_monetary                          - Undefined Weak Reference
    _get_lc_time                              - Undefined Weak Reference
    _getenv_init                              - Undefined Weak Reference
    _handle_redirection                       - Undefined Weak Reference
    _init_alloc                               - Undefined Weak Reference
    _init_user_alloc                          - Undefined Weak Reference
    _initio                                   - Undefined Weak Reference
    _mutex_acquire                            - Undefined Weak Reference
    _mutex_release                            - Undefined Weak Reference
    _printf_mbtowc                            - Undefined Weak Reference
    _printf_wc                                - Undefined Weak Reference
    _rand_init                                - Undefined Weak Reference
    _signal_finish                            - Undefined Weak Reference
    _signal_init                              - Undefined Weak Reference
    _terminate_alloc                          - Undefined Weak Reference
    _terminate_user_alloc                     - Undefined Weak Reference
    _terminateio                              - Undefined Weak Reference
    __Vectors_Size                           0x00000194   Number         0  startup_stm32f401xc.o ABSOLUTE
    __Vectors                                0x08000000   Data           4  startup_stm32f401xc.o(RESET)
    __Vectors_End                            0x08000194   Data           0  startup_stm32f401xc.o(RESET)
    __main                                   0x08000195   Thumb Code     8  __main.o(!!!main)
    __scatterload                            0x0800019d   Thumb Code     0  __scatter.o(!!!scatter)
    __scatterload_rt2                        0x0800019d   Thumb Code    44  __scatter.o(!!!scatter)
    __scatterload_rt2_thumb_only             0x0800019d   Thumb Code     0  __scatter.o(!!!scatter)
    __scatterload_null                       0x080001ab   Thumb Code     0  __scatter.o(!!!scatter)
    __scatterload_copy                       0x080001d1   Thumb Code    26  __scatter_copy.o(!!handler_copy)
    __scatterload_zeroinit                   0x080001ed   Thumb Code    28  __scatter_zi.o(!!handler_zi)
    _printf_n                                0x08000209   Thumb Code     0  _printf_n.o(.ARM.Collect$$_printf_percent$$00000001)
    _printf_percent                          0x08000209   Thumb Code     0  _printf_percent.o(.ARM.Collect$$_printf_percent$$00000000)
    _printf_p                                0x0800020f   Thumb Code     0  _printf_p.o(.ARM.Collect$$_printf_percent$$00000002)
    _printf_f                                0x08000215   Thumb Code     0  _printf_f.o(.ARM.Collect$$_printf_percent$$00000003)
    _printf_e                                0x0800021b   Thumb Code     0  _printf_e.o(.ARM.Collect$$_printf_percent$$00000004)
    _printf_g                                0x08000221   Thumb Code     0  _printf_g.o(.ARM.Collect$$_printf_percent$$00000005)
    _printf_a                                0x08000227   Thumb Code     0  _printf_a.o(.ARM.Collect$$_printf_percent$$00000006)
    _printf_ll                               0x0800022d   Thumb Code     0  _printf_ll.o(.ARM.Collect$$_printf_percent$$00000007)
    _printf_i                                0x08000237   Thumb Code     0  _printf_i.o(.ARM.Collect$$_printf_percent$$00000008)
    _printf_d                                0x0800023d   Thumb Code     0  _printf_d.o(.ARM.Collect$$_printf_percent$$00000009)
    _printf_u                                0x08000243   Thumb Code     0  _printf_u.o(.ARM.Collect$$_printf_percent$$0000000A)
    _printf_o                                0x08000249   Thumb Code     0  _printf_o.o(.ARM.Collect$$_printf_percent$$0000000B)
    _printf_x                                0x0800024f   Thumb Code     0  _printf_x.o(.ARM.Collect$$_printf_percent$$0000000C)
    _printf_lli                              0x08000255   Thumb Code     0  _printf_lli.o(.ARM.Collect$$_printf_percent$$0000000D)
    _printf_lld                              0x0800025b   Thumb Code     0  _printf_lld.o(.ARM.Collect$$_printf_percent$$0000000E)
    _printf_llu                              0x08000261   Thumb Code     0  _printf_llu.o(.ARM.Collect$$_printf_percent$$0000000F)
    _printf_llo                              0x08000267   Thumb Code     0  _printf_llo.o(.ARM.Collect$$_printf_percent$$00000010)
    _printf_llx                              0x0800026d   Thumb Code     0  _printf_llx.o(.ARM.Collect$$_printf_percent$$00000011)
    _printf_l                                0x08000273   Thumb Code     0  _printf_l.o(.ARM.Collect$$_printf_percent$$00000012)
    _printf_c                                0x0800027d   Thumb Code     0  _printf_c.o(.ARM.Collect$$_printf_percent$$00000013)
    _printf_s                                0x08000283   Thumb Code     0  _printf_s.o(.ARM.Collect$$_printf_percent$$00000014)
    _printf_lc                               0x08000289   Thumb Code     0  _printf_lc.o(.ARM.Collect$$_printf_percent$$00000015)
    _printf_ls                               0x0800028f   Thumb Code     0  _printf_ls.o(.ARM.Collect$$_printf_percent$$00000016)
    _printf_percent_end                      0x08000295   Thumb Code     0  _printf_percent_end.o(.ARM.Collect$$_printf_percent$$00000017)
    __rt_lib_init                            0x08000299   Thumb Code     0  libinit.o(.ARM.Collect$$libinit$$00000000)
    __rt_lib_init_fp_1                       0x0800029b   Thumb Code     0  libinit2.o(.ARM.Collect$$libinit$$00000001)
    __rt_lib_init_heap_1                     0x0800029f   Thumb Code     0  libinit2.o(.ARM.Collect$$libinit$$0000000C)
    __rt_lib_init_lc_common                  0x0800029f   Thumb Code     0  libinit2.o(.ARM.Collect$$libinit$$00000011)
    __rt_lib_init_preinit_1                  0x0800029f   Thumb Code     0  libinit2.o(.ARM.Collect$$libinit$$00000006)
    __rt_lib_init_rand_1                     0x0800029f   Thumb Code     0  libinit2.o(.ARM.Collect$$libinit$$00000010)
    __rt_lib_init_relocate_pie_1             0x0800029f   Thumb Code     0  libinit2.o(.ARM.Collect$$libinit$$00000004)
    __rt_lib_init_user_alloc_1               0x0800029f   Thumb Code     0  libinit2.o(.ARM.Collect$$libinit$$0000000E)
    __rt_lib_init_lc_collate_1               0x080002a5   Thumb Code     0  libinit2.o(.ARM.Collect$$libinit$$00000013)
    __rt_lib_init_lc_ctype_2                 0x080002a5   Thumb Code     0  libinit2.o(.ARM.Collect$$libinit$$00000014)
    __rt_lib_init_lc_ctype_1                 0x080002b1   Thumb Code     0  libinit2.o(.ARM.Collect$$libinit$$00000015)
    __rt_lib_init_lc_monetary_1              0x080002b1   Thumb Code     0  libinit2.o(.ARM.Collect$$libinit$$00000017)
    __rt_lib_init_lc_numeric_2               0x080002b1   Thumb Code     0  libinit2.o(.ARM.Collect$$libinit$$00000018)
    __rt_lib_init_alloca_1                   0x080002bb   Thumb Code     0  libinit2.o(.ARM.Collect$$libinit$$00000030)
    __rt_lib_init_argv_1                     0x080002bb   Thumb Code     0  libinit2.o(.ARM.Collect$$libinit$$0000002E)
    __rt_lib_init_atexit_1                   0x080002bb   Thumb Code     0  libinit2.o(.ARM.Collect$$libinit$$0000001D)
    __rt_lib_init_clock_1                    0x080002bb   Thumb Code     0  libinit2.o(.ARM.Collect$$libinit$$00000023)
    __rt_lib_init_cpp_1                      0x080002bb   Thumb Code     0  libinit2.o(.ARM.Collect$$libinit$$00000034)
    __rt_lib_init_exceptions_1               0x080002bb   Thumb Code     0  libinit2.o(.ARM.Collect$$libinit$$00000032)
    __rt_lib_init_fp_trap_1                  0x080002bb   Thumb Code     0  libinit2.o(.ARM.Collect$$libinit$$00000021)
    __rt_lib_init_getenv_1                   0x080002bb   Thumb Code     0  libinit2.o(.ARM.Collect$$libinit$$00000025)
    __rt_lib_init_lc_numeric_1               0x080002bb   Thumb Code     0  libinit2.o(.ARM.Collect$$libinit$$00000019)
    __rt_lib_init_lc_time_1                  0x080002bb   Thumb Code     0  libinit2.o(.ARM.Collect$$libinit$$0000001B)
    __rt_lib_init_return                     0x080002bb   Thumb Code     0  libinit2.o(.ARM.Collect$$libinit$$00000035)
    __rt_lib_init_signal_1                   0x080002bb   Thumb Code     0  libinit2.o(.ARM.Collect$$libinit$$0000001F)
    __rt_lib_init_stdio_1                    0x080002bb   Thumb Code     0  libinit2.o(.ARM.Collect$$libinit$$00000027)
    __rt_lib_shutdown                        0x080002bd   Thumb Code     0  libshutdown.o(.ARM.Collect$$libshutdown$$00000000)
    __rt_lib_shutdown_cpp_1                  0x080002bf   Thumb Code     0  libshutdown2.o(.ARM.Collect$$libshutdown$$00000002)
    __rt_lib_shutdown_fp_trap_1              0x080002bf   Thumb Code     0  libshutdown2.o(.ARM.Collect$$libshutdown$$00000007)
    __rt_lib_shutdown_heap_1                 0x080002bf   Thumb Code     0  libshutdown2.o(.ARM.Collect$$libshutdown$$0000000F)
    __rt_lib_shutdown_return                 0x080002bf   Thumb Code     0  libshutdown2.o(.ARM.Collect$$libshutdown$$00000010)
    __rt_lib_shutdown_signal_1               0x080002bf   Thumb Code     0  libshutdown2.o(.ARM.Collect$$libshutdown$$0000000A)
    __rt_lib_shutdown_stdio_1                0x080002bf   Thumb Code     0  libshutdown2.o(.ARM.Collect$$libshutdown$$00000004)
    __rt_lib_shutdown_user_alloc_1           0x080002bf   Thumb Code     0  libshutdown2.o(.ARM.Collect$$libshutdown$$0000000C)
    __rt_entry                               0x080002c1   Thumb Code     0  __rtentry.o(.ARM.Collect$$rtentry$$00000000)
    __rt_entry_presh_1                       0x080002c1   Thumb Code     0  __rtentry2.o(.ARM.Collect$$rtentry$$00000002)
    __rt_entry_sh                            0x080002c1   Thumb Code     0  __rtentry4.o(.ARM.Collect$$rtentry$$00000004)
    __rt_entry_li                            0x080002c7   Thumb Code     0  __rtentry2.o(.ARM.Collect$$rtentry$$0000000A)
    __rt_entry_postsh_1                      0x080002c7   Thumb Code     0  __rtentry2.o(.ARM.Collect$$rtentry$$00000009)
    __rt_entry_main                          0x080002cb   Thumb Code     0  __rtentry2.o(.ARM.Collect$$rtentry$$0000000D)
    __rt_entry_postli_1                      0x080002cb   Thumb Code     0  __rtentry2.o(.ARM.Collect$$rtentry$$0000000C)
    __rt_exit                                0x080002d3   Thumb Code     0  rtexit.o(.ARM.Collect$$rtexit$$00000000)
    __rt_exit_ls                             0x080002d5   Thumb Code     0  rtexit2.o(.ARM.Collect$$rtexit$$00000003)
    __rt_exit_prels_1                        0x080002d5   Thumb Code     0  rtexit2.o(.ARM.Collect$$rtexit$$00000002)
    __rt_exit_exit                           0x080002d9   Thumb Code     0  rtexit2.o(.ARM.Collect$$rtexit$$00000004)
    Reset_Handler                            0x080002e1   Thumb Code     8  startup_stm32f401xc.o(.text)
    NMI_Handler                              0x080002e9   Thumb Code     2  startup_stm32f401xc.o(.text)
    HardFault_Handler                        0x080002eb   Thumb Code     2  startup_stm32f401xc.o(.text)
    MemManage_Handler                        0x080002ed   Thumb Code     2  startup_stm32f401xc.o(.text)
    BusFault_Handler                         0x080002ef   Thumb Code     2  startup_stm32f401xc.o(.text)
    UsageFault_Handler                       0x080002f1   Thumb Code     2  startup_stm32f401xc.o(.text)
    SVC_Handler                              0x080002f3   Thumb Code     2  startup_stm32f401xc.o(.text)
    DebugMon_Handler                         0x080002f5   Thumb Code     2  startup_stm32f401xc.o(.text)
    PendSV_Handler                           0x080002f7   Thumb Code     2  startup_stm32f401xc.o(.text)
    SysTick_Handler                          0x080002f9   Thumb Code     2  startup_stm32f401xc.o(.text)
    ADC_IRQHandler                           0x080002fb   Thumb Code     0  startup_stm32f401xc.o(.text)
    DMA1_Stream0_IRQHandler                  0x080002fb   Thumb Code     0  startup_stm32f401xc.o(.text)
    DMA1_Stream1_IRQHandler                  0x080002fb   Thumb Code     0  startup_stm32f401xc.o(.text)
    DMA1_Stream2_IRQHandler                  0x080002fb   Thumb Code     0  startup_stm32f401xc.o(.text)
    DMA1_Stream3_IRQHandler                  0x080002fb   Thumb Code     0  startup_stm32f401xc.o(.text)
    DMA1_Stream4_IRQHandler                  0x080002fb   Thumb Code     0  startup_stm32f401xc.o(.text)
    DMA1_Stream5_IRQHandler                  0x080002fb   Thumb Code     0  startup_stm32f401xc.o(.text)
    DMA1_Stream6_IRQHandler                  0x080002fb   Thumb Code     0  startup_stm32f401xc.o(.text)
    DMA1_Stream7_IRQHandler                  0x080002fb   Thumb Code     0  startup_stm32f401xc.o(.text)
    DMA2_Stream0_IRQHandler                  0x080002fb   Thumb Code     0  startup_stm32f401xc.o(.text)
    DMA2_Stream1_IRQHandler                  0x080002fb   Thumb Code     0  startup_stm32f401xc.o(.text)
    DMA2_Stream2_IRQHandler                  0x080002fb   Thumb Code     0  startup_stm32f401xc.o(.text)
    DMA2_Stream3_IRQHandler                  0x080002fb   Thumb Code     0  startup_stm32f401xc.o(.text)
    DMA2_Stream4_IRQHandler                  0x080002fb   Thumb Code     0  startup_stm32f401xc.o(.text)
    DMA2_Stream5_IRQHandler                  0x080002fb   Thumb Code     0  startup_stm32f401xc.o(.text)
    DMA2_Stream6_IRQHandler                  0x080002fb   Thumb Code     0  startup_stm32f401xc.o(.text)
    DMA2_Stream7_IRQHandler                  0x080002fb   Thumb Code     0  startup_stm32f401xc.o(.text)
    EXTI0_IRQHandler                         0x080002fb   Thumb Code     0  startup_stm32f401xc.o(.text)
    EXTI15_10_IRQHandler                     0x080002fb   Thumb Code     0  startup_stm32f401xc.o(.text)
    EXTI1_IRQHandler                         0x080002fb   Thumb Code     0  startup_stm32f401xc.o(.text)
    EXTI2_IRQHandler                         0x080002fb   Thumb Code     0  startup_stm32f401xc.o(.text)
    EXTI3_IRQHandler                         0x080002fb   Thumb Code     0  startup_stm32f401xc.o(.text)
    EXTI4_IRQHandler                         0x080002fb   Thumb Code     0  startup_stm32f401xc.o(.text)
    EXTI9_5_IRQHandler                       0x080002fb   Thumb Code     0  startup_stm32f401xc.o(.text)
    FLASH_IRQHandler                         0x080002fb   Thumb Code     0  startup_stm32f401xc.o(.text)
    FPU_IRQHandler                           0x080002fb   Thumb Code     0  startup_stm32f401xc.o(.text)
    I2C1_ER_IRQHandler                       0x080002fb   Thumb Code     0  startup_stm32f401xc.o(.text)
    I2C1_EV_IRQHandler                       0x080002fb   Thumb Code     0  startup_stm32f401xc.o(.text)
    I2C2_ER_IRQHandler                       0x080002fb   Thumb Code     0  startup_stm32f401xc.o(.text)
    I2C2_EV_IRQHandler                       0x080002fb   Thumb Code     0  startup_stm32f401xc.o(.text)
    I2C3_ER_IRQHandler                       0x080002fb   Thumb Code     0  startup_stm32f401xc.o(.text)
    I2C3_EV_IRQHandler                       0x080002fb   Thumb Code     0  startup_stm32f401xc.o(.text)
    OTG_FS_IRQHandler                        0x080002fb   Thumb Code     0  startup_stm32f401xc.o(.text)
    OTG_FS_WKUP_IRQHandler                   0x080002fb   Thumb Code     0  startup_stm32f401xc.o(.text)
    PVD_IRQHandler                           0x080002fb   Thumb Code     0  startup_stm32f401xc.o(.text)
    RCC_IRQHandler                           0x080002fb   Thumb Code     0  startup_stm32f401xc.o(.text)
    RTC_Alarm_IRQHandler                     0x080002fb   Thumb Code     0  startup_stm32f401xc.o(.text)
    RTC_WKUP_IRQHandler                      0x080002fb   Thumb Code     0  startup_stm32f401xc.o(.text)
    SDIO_IRQHandler                          0x080002fb   Thumb Code     0  startup_stm32f401xc.o(.text)
    SPI1_IRQHandler                          0x080002fb   Thumb Code     0  startup_stm32f401xc.o(.text)
    SPI2_IRQHandler                          0x080002fb   Thumb Code     0  startup_stm32f401xc.o(.text)
    SPI3_IRQHandler                          0x080002fb   Thumb Code     0  startup_stm32f401xc.o(.text)
    SPI4_IRQHandler                          0x080002fb   Thumb Code     0  startup_stm32f401xc.o(.text)
    TAMP_STAMP_IRQHandler                    0x080002fb   Thumb Code     0  startup_stm32f401xc.o(.text)
    TIM1_BRK_TIM9_IRQHandler                 0x080002fb   Thumb Code     0  startup_stm32f401xc.o(.text)
    TIM1_CC_IRQHandler                       0x080002fb   Thumb Code     0  startup_stm32f401xc.o(.text)
    TIM1_TRG_COM_TIM11_IRQHandler            0x080002fb   Thumb Code     0  startup_stm32f401xc.o(.text)
    TIM1_UP_TIM10_IRQHandler                 0x080002fb   Thumb Code     0  startup_stm32f401xc.o(.text)
    TIM2_IRQHandler                          0x080002fb   Thumb Code     0  startup_stm32f401xc.o(.text)
    TIM3_IRQHandler                          0x080002fb   Thumb Code     0  startup_stm32f401xc.o(.text)
    TIM4_IRQHandler                          0x080002fb   Thumb Code     0  startup_stm32f401xc.o(.text)
    TIM5_IRQHandler                          0x080002fb   Thumb Code     0  startup_stm32f401xc.o(.text)
    USART1_IRQHandler                        0x080002fb   Thumb Code     0  startup_stm32f401xc.o(.text)
    USART2_IRQHandler                        0x080002fb   Thumb Code     0  startup_stm32f401xc.o(.text)
    USART6_IRQHandler                        0x080002fb   Thumb Code     0  startup_stm32f401xc.o(.text)
    WWDG_IRQHandler                          0x080002fb   Thumb Code     0  startup_stm32f401xc.o(.text)
    __user_initial_stackheap                 0x080002fd   Thumb Code     0  startup_stm32f401xc.o(.text)
    printf                                   0x08000321   Thumb Code    20  printf.o(.text)
    fprintf                                  0x08000339   Thumb Code    20  fprintf.o(.text)
    scanf                                    0x0800034d   Thumb Code    26  scanf.o(.text)
    gets                                     0x0800036d   Thumb Code    52  gets.o(.text)
    puts                                     0x080003a5   Thumb Code    40  puts.o(.text)
    __use_two_region_memory                  0x080003d1   Thumb Code     2  heapauxi.o(.text)
    __rt_heap_escrow$2region                 0x080003d3   Thumb Code     2  heapauxi.o(.text)
    __rt_heap_expand$2region                 0x080003d5   Thumb Code     2  heapauxi.o(.text)
    _printf_pre_padding                      0x080003d7   Thumb Code    44  _printf_pad.o(.text)
    _printf_post_padding                     0x08000403   Thumb Code    34  _printf_pad.o(.text)
    _printf_truncate_signed                  0x08000425   Thumb Code    18  _printf_truncate.o(.text)
    _printf_truncate_unsigned                0x08000437   Thumb Code    18  _printf_truncate.o(.text)
    _printf_str                              0x08000449   Thumb Code    82  _printf_str.o(.text)
    _printf_int_dec                          0x0800049d   Thumb Code   104  _printf_dec.o(.text)
    _printf_charcount                        0x08000515   Thumb Code    40  _printf_charcount.o(.text)
    _printf_char_file                        0x0800053d   Thumb Code    32  _printf_char_file.o(.text)
    _printf_wctomb                           0x08000561   Thumb Code   182  _printf_wctomb.o(.text)
    _printf_longlong_dec                     0x0800061d   Thumb Code   108  _printf_longlong_dec.o(.text)
    _printf_longlong_oct                     0x08000699   Thumb Code    68  _printf_oct_int_ll.o(.text)
    _printf_int_oct                          0x080006dd   Thumb Code    24  _printf_oct_int_ll.o(.text)
    _printf_ll_oct                           0x080006f5   Thumb Code    12  _printf_oct_int_ll.o(.text)
    _printf_longlong_hex                     0x08000709   Thumb Code    86  _printf_hex_int_ll_ptr.o(.text)
    _printf_int_hex                          0x0800075f   Thumb Code    28  _printf_hex_int_ll_ptr.o(.text)
    _printf_ll_hex                           0x0800077b   Thumb Code    12  _printf_hex_int_ll_ptr.o(.text)
    _printf_hex_ptr                          0x08000787   Thumb Code    18  _printf_hex_int_ll_ptr.o(.text)
    __printf                                 0x0800079d   Thumb Code   388  __printf_flags_ss_wp.o(.text)
    _scanf_longlong                          0x08000925   Thumb Code   342  _scanf_longlong.o(.text)
    _scanf_int                               0x08000a7b   Thumb Code   332  _scanf_int.o(.text)
    _scanf_string                            0x08000bc7   Thumb Code   224  _scanf_str.o(.text)
    __vfscanf_char_file                      0x08000ca9   Thumb Code    16  scanf_char_file.o(.text)
    _scanf_mbtowc                            0x08000cc1   Thumb Code   276  _scanf_mbtowc.o(.text)
    _scanf_wctomb                            0x08000dd5   Thumb Code   232  _scanf_wctomb.o(.text)
    _scanf_wstring                           0x08000ebd   Thumb Code   208  _scanf_wstr.o(.text)
    ferror                                   0x08000f8d   Thumb Code     8  ferror.o(.text)
    _ll_udiv10                               0x08000f95   Thumb Code   138  lludiv10.o(.text)
    _printf_int_common                       0x0800101f   Thumb Code   178  _printf_intcommon.o(.text)
    _printf_fp_dec_real                      0x08001281   Thumb Code   620  _printf_fp_dec.o(.text)
    _printf_fp_hex_real                      0x080014ed   Thumb Code   756  _printf_fp_hex.o(.text)
    _printf_char_common                      0x080017f3   Thumb Code    32  _printf_char_common.o(.text)
    _printf_cs_common                        0x08001819   Thumb Code    20  _printf_char.o(.text)
    _printf_char                             0x0800182d   Thumb Code    16  _printf_char.o(.text)
    _printf_string                           0x0800183d   Thumb Code     8  _printf_char.o(.text)
    _printf_lcs_common                       0x08001845   Thumb Code    20  _printf_wchar.o(.text)
    _printf_wchar                            0x08001859   Thumb Code    16  _printf_wchar.o(.text)
    _printf_wstring                          0x08001869   Thumb Code     8  _printf_wchar.o(.text)
    _chval                                   0x08001871   Thumb Code    28  _chval.o(.text)
    _scanf_really_real                       0x08001ad9   Thumb Code   684  scanf_fp.o(.text)
    __vfscanf_char                           0x08001d91   Thumb Code    24  scanf_char.o(.text)
    _scanf_wcharmap                          0x08001db1   Thumb Code    30  _scanf_wcharmap.o(.text)
    ___backspace$unlocked                    0x08001dcf   Thumb Code     2  backspace.o(.text)
    __backspace                              0x08001dd1   Thumb Code    70  backspace.o(.text)
    _mbrtoc16                                0x08001e17   Thumb Code    64  _mbrtoc16.o(.text)
    _mbrtowc                                 0x08001e17   Thumb Code     0  _mbrtoc16.o(.text)
    _c16rtomb                                0x08001e57   Thumb Code    72  _c16rtomb.o(.text)
    _wcrtomb                                 0x08001e57   Thumb Code     0  _c16rtomb.o(.text)
    __user_setup_stackheap                   0x08001e9f   Thumb Code    74  sys_stackheap_outer.o(.text)
    __rt_ctype_table                         0x08001ee9   Thumb Code    16  rt_ctype_table.o(.text)
    __rt_locale                              0x08001ef9   Thumb Code     8  rt_locale_intlibspace.o(.text)
    __aeabi_errno_addr                       0x08001f01   Thumb Code     8  rt_errno_addr_intlibspace.o(.text)
    __errno$intlibspace                      0x08001f01   Thumb Code     0  rt_errno_addr_intlibspace.o(.text)
    __rt_errno_addr$intlibspace              0x08001f01   Thumb Code     0  rt_errno_addr_intlibspace.o(.text)
    __aeabi_llsl                             0x08001f09   Thumb Code     0  llshl.o(.text)
    _ll_shift_l                              0x08001f09   Thumb Code    38  llshl.o(.text)
    isspace                                  0x08001f2f   Thumb Code    18  isspace.o(.text)
    _printf_fp_infnan                        0x08001f41   Thumb Code   112  _printf_fp_infnan.o(.text)
    __vfscanf                                0x08001fc1   Thumb Code   878  _scanf.o(.text)
    _btod_etento                             0x08002335   Thumb Code   224  bigflt0.o(.text)
    _ungetc_internal                         0x08002419   Thumb Code    60  ungetc.o(.text)
    ungetc                                   0x08002419   Thumb Code     0  ungetc.o(.text)
    exit                                     0x08002461   Thumb Code    18  exit.o(.text)
    __user_libspace                          0x08002475   Thumb Code     8  libspace.o(.text)
    __user_perproc_libspace                  0x08002475   Thumb Code     0  libspace.o(.text)
    __user_perthread_libspace                0x08002475   Thumb Code     0  libspace.o(.text)
    __read_errno                             0x0800247d   Thumb Code    10  _rserrno.o(.text)
    __set_errno                              0x08002487   Thumb Code    12  _rserrno.o(.text)
    _scanf_really_hex_real                   0x08002495   Thumb Code   786  scanf_hexfp.o(.text)
    _scanf_really_infnan                     0x080027b5   Thumb Code   292  scanf_infnan.o(.text)
    strcmp                                   0x080028e9   Thumb Code   124  strcmpv7em.o(.text)
    _sys_exit                                0x08002965   Thumb Code     8  sys_exit.o(.text)
    __I$use$semihosting                      0x08002971   Thumb Code     0  use_no_semi.o(.text)
    __use_no_semihosting_swi                 0x08002971   Thumb Code     2  use_no_semi.o(.text)
    __semihosting_library_function           0x08002973   Thumb Code     0  indicate_semi.o(.text)
    SystemInit                               0x08002975   Thumb Code    18  system_stm32f4xx.o(.text.SystemInit)
    UART1                                    0x08002989   Thumb Code   108  main.o(.text.UART1)
    UART1_read                               0x080029f5   Thumb Code    34  main.o(.text.UART1_read)
    UART1_write                              0x08002a19   Thumb Code    46  main.o(.text.UART1_write)
    delayMS                                  0x08002a49   Thumb Code    62  main.o(.text.delayMS)
    fgetc                                    0x08002a89   Thumb Code    44  main.o(.text.fgetc)
    fputc                                    0x08002ab5   Thumb Code    18  main.o(.text.fputc)
    main                                     0x08002ac9   Thumb Code   166  main.o(.text.main)
    _btod_d2e                                0x08002b6f   Thumb Code    62  btod.o(CL$$btod_d2e)
    _d2e_denorm_low                          0x08002bad   Thumb Code    70  btod.o(CL$$btod_d2e_denorm_low)
    _d2e_norm_op1                            0x08002bf3   Thumb Code    96  btod.o(CL$$btod_d2e_norm_op1)
    __btod_div_common                        0x08002c55   Thumb Code   696  btod.o(CL$$btod_div_common)
    _e2d                                     0x08002f8d   Thumb Code   122  btod.o(CL$$btod_e2d)
    _e2e                                     0x08003011   Thumb Code   220  btod.o(CL$$btod_e2e)
    _btod_ediv                               0x080030ed   Thumb Code    42  btod.o(CL$$btod_ediv)
    _btod_edivd                              0x08003117   Thumb Code    42  btod.o(CL$$btod_edivd)
    _btod_emul                               0x08003141   Thumb Code    42  btod.o(CL$$btod_emul)
    _btod_emuld                              0x0800316b   Thumb Code    42  btod.o(CL$$btod_emuld)
    __btod_mult_common                       0x08003195   Thumb Code   580  btod.o(CL$$btod_mult_common)
    __ARM_fpclassify                         0x080033d9   Thumb Code    48  fpclassify.o(i.__ARM_fpclassify)
    __hardfp___mathlib_tofloat               0x08003409   Thumb Code   232  narrow.o(i.__hardfp___mathlib_tofloat)
    __hardfp_ldexp                           0x08003501   Thumb Code   200  ldexp.o(i.__hardfp_ldexp)
    __mathlib_dbl_overflow                   0x080035d1   Thumb Code    24  dunder.o(i.__mathlib_dbl_overflow)
    __mathlib_dbl_underflow                  0x080035f1   Thumb Code    24  dunder.o(i.__mathlib_dbl_underflow)
    __mathlib_narrow                         0x08003611   Thumb Code    18  narrow.o(i.__mathlib_narrow)
    __support_ldexp                          0x08003623   Thumb Code    20  ldexp.o(i.__support_ldexp)
    _is_digit                                0x08003637   Thumb Code    14  __printf_wp.o(i._is_digit)
    frexp                                    0x08003649   Thumb Code   118  frexp.o(i.frexp)
    _get_lc_numeric                          0x080036d5   Thumb Code    44  lc_numeric_c.o(locale$$code)
    _get_lc_ctype                            0x08003701   Thumb Code    44  lc_ctype_c.o(locale$$code)
    __aeabi_d2f                              0x0800372d   Thumb Code     0  d2f.o(x$fpl$d2f)
    _d2f                                     0x0800372d   Thumb Code    98  d2f.o(x$fpl$d2f)
    __fpl_dcheck_NaN1                        0x08003791   Thumb Code    10  dcheck1.o(x$fpl$dcheck1)
    __fpl_dcmp_Inf                           0x080037a1   Thumb Code    24  dcmpi.o(x$fpl$dcmpinf)
    __aeabi_cdcmpeq                          0x080037b9   Thumb Code     0  deqf.o(x$fpl$deqf)
    _dcmpeq                                  0x080037b9   Thumb Code   120  deqf.o(x$fpl$deqf)
    __aeabi_cdcmple                          0x08003831   Thumb Code     0  dleqf.o(x$fpl$dleqf)
    _dcmple                                  0x08003831   Thumb Code   120  dleqf.o(x$fpl$dleqf)
    __fpl_dcmple_InfNaN                      0x08003893   Thumb Code     0  dleqf.o(x$fpl$dleqf)
    __aeabi_dmul                             0x080038a9   Thumb Code     0  dmul.o(x$fpl$dmul)
    _dmul                                    0x080038a9   Thumb Code   332  dmul.o(x$fpl$dmul)
    __fpl_dnaninf                            0x080039fd   Thumb Code   156  dnaninf.o(x$fpl$dnaninf)
    __fpl_dretinf                            0x08003a99   Thumb Code    12  dretinf.o(x$fpl$dretinf)
    __aeabi_cdrcmple                         0x08003aa5   Thumb Code     0  drleqf.o(x$fpl$drleqf)
    _drcmple                                 0x08003aa5   Thumb Code   108  drleqf.o(x$fpl$drleqf)
    _fp_init                                 0x08003b11   Thumb Code    26  fpinit.o(x$fpl$fpinit)
    __fplib_config_fpu_vfp                   0x08003b29   Thumb Code     0  fpinit.o(x$fpl$fpinit)
    __fplib_config_pureend_doubles           0x08003b29   Thumb Code     0  fpinit.o(x$fpl$fpinit)
    __fpl_fretinf                            0x08003b2b   Thumb Code    10  fretinf.o(x$fpl$fretinf)
    __ieee_status                            0x08003b35   Thumb Code     6  istatus.o(x$fpl$ieeestatus)
    _printf_fp_dec                           0x08003b3b   Thumb Code     4  printf1.o(x$fpl$printf1)
    _printf_fp_hex                           0x08003b3f   Thumb Code     4  printf2.o(x$fpl$printf2)
    __fpl_return_NaN                         0x08003b43   Thumb Code   100  retnan.o(x$fpl$retnan)
    __ARM_scalbn                             0x08003ba7   Thumb Code    92  scalbn.o(x$fpl$scalbn)
    _scanf_real                              0x08003c03   Thumb Code     4  scanf1.o(x$fpl$scanf1)
    _scanf_hex_real                          0x08003c07   Thumb Code     4  scanf2.o(x$fpl$scanf2)
    _scanf_infnan                            0x08003c0b   Thumb Code     4  scanf2.o(x$fpl$scanf2)
    __fpl_cmpreturn                          0x08003c0f   Thumb Code    48  trapv.o(x$fpl$trapveneer)
    __I$use$fp                               0x08003c3e   Number         0  usenofp.o(x$fpl$usenofp)
    Region$$Table$$Base                      0x08003dd0   Number         0  anon$$obj.o(Region$$Table)
    Region$$Table$$Limit                     0x08003df0   Number         0  anon$$obj.o(Region$$Table)
    __aeabi_HUGE_VAL                         0x08003df0   Data           0  fpconst.o(c$$dinf)
    __aeabi_HUGE_VALL                        0x08003df0   Data           0  fpconst.o(c$$dinf)
    __aeabi_INFINITY                         0x08003df0   Data           0  fpconst.o(c$$dinf)
    __dInf                                   0x08003df0   Data           0  fpconst.o(c$$dinf)
    __huge_val                               0x08003df0   Data           0  fpconst.o(c$$dinf)
    __dbl_max                                0x08003df8   Data           0  fpconst.o(c$$dmax)
    __ctype                                  0x08003e29   Data           0  lc_ctype_c.o(locale$$data)
    __stderr                                 0x20000000   Data          84  main.o(.data.__stderr)
    __stdout                                 0x20000054   Data          84  main.o(.data.__stdout)
    __libspace_start                         0x200000a8   Data          96  libspace.o(.bss)
    __stdin                                  0x20000108   Data          84  main.o(.bss.__stdin)
    __temporary_stack_top$libspace           0x20000108   Data           0  libspace.o(.bss)



==============================================================================

Memory Map of the image

  Image Entry point : 0x08000195

  Load Region LR_IROM1 (Base: 0x08000000, Size: 0x00003fd8, Max: 0x00040000, ABSOLUTE)

    Execution Region ER_IROM1 (Exec base: 0x08000000, Load base: 0x08000000, Size: 0x00003f2c, Max: 0x00040000, ABSOLUTE)

    Exec Addr    Load Addr    Size         Type   Attr      Idx    E Section Name        Object

    0x08000000   0x08000000   0x00000194   Data   RO           29    RESET               startup_stm32f401xc.o
    0x08000194   0x08000194   0x00000008   Code   RO           64  * !!!main             c_w.l(__main.o)
    0x0800019c   0x0800019c   0x00000034   Code   RO          543    !!!scatter          c_w.l(__scatter.o)
    0x080001d0   0x080001d0   0x0000001a   Code   RO          545    !!handler_copy      c_w.l(__scatter_copy.o)
    0x080001ea   0x080001ea   0x00000002   PAD
    0x080001ec   0x080001ec   0x0000001c   Code   RO          547    !!handler_zi        c_w.l(__scatter_zi.o)
    0x08000208   0x08000208   0x00000000   Code   RO          146    .ARM.Collect$$_printf_percent$$00000000  c_w.l(_printf_percent.o)
    0x08000208   0x08000208   0x00000006   Code   RO          135    .ARM.Collect$$_printf_percent$$00000001  c_w.l(_printf_n.o)
    0x0800020e   0x0800020e   0x00000006   Code   RO          137    .ARM.Collect$$_printf_percent$$00000002  c_w.l(_printf_p.o)
    0x08000214   0x08000214   0x00000006   Code   RO          142    .ARM.Collect$$_printf_percent$$00000003  c_w.l(_printf_f.o)
    0x0800021a   0x0800021a   0x00000006   Code   RO          143    .ARM.Collect$$_printf_percent$$00000004  c_w.l(_printf_e.o)
    0x08000220   0x08000220   0x00000006   Code   RO          144    .ARM.Collect$$_printf_percent$$00000005  c_w.l(_printf_g.o)
    0x08000226   0x08000226   0x00000006   Code   RO          145    .ARM.Collect$$_printf_percent$$00000006  c_w.l(_printf_a.o)
    0x0800022c   0x0800022c   0x0000000a   Code   RO          150    .ARM.Collect$$_printf_percent$$00000007  c_w.l(_printf_ll.o)
    0x08000236   0x08000236   0x00000006   Code   RO          139    .ARM.Collect$$_printf_percent$$00000008  c_w.l(_printf_i.o)
    0x0800023c   0x0800023c   0x00000006   Code   RO          140    .ARM.Collect$$_printf_percent$$00000009  c_w.l(_printf_d.o)
    0x08000242   0x08000242   0x00000006   Code   RO          141    .ARM.Collect$$_printf_percent$$0000000A  c_w.l(_printf_u.o)
    0x08000248   0x08000248   0x00000006   Code   RO          138    .ARM.Collect$$_printf_percent$$0000000B  c_w.l(_printf_o.o)
    0x0800024e   0x0800024e   0x00000006   Code   RO          136    .ARM.Collect$$_printf_percent$$0000000C  c_w.l(_printf_x.o)
    0x08000254   0x08000254   0x00000006   Code   RO          147    .ARM.Collect$$_printf_percent$$0000000D  c_w.l(_printf_lli.o)
    0x0800025a   0x0800025a   0x00000006   Code   RO          148    .ARM.Collect$$_printf_percent$$0000000E  c_w.l(_printf_lld.o)
    0x08000260   0x08000260   0x00000006   Code   RO          149    .ARM.Collect$$_printf_percent$$0000000F  c_w.l(_printf_llu.o)
    0x08000266   0x08000266   0x00000006   Code   RO          154    .ARM.Collect$$_printf_percent$$00000010  c_w.l(_printf_llo.o)
    0x0800026c   0x0800026c   0x00000006   Code   RO          155    .ARM.Collect$$_printf_percent$$00000011  c_w.l(_printf_llx.o)
    0x08000272   0x08000272   0x0000000a   Code   RO          151    .ARM.Collect$$_printf_percent$$00000012  c_w.l(_printf_l.o)
    0x0800027c   0x0800027c   0x00000006   Code   RO          133    .ARM.Collect$$_printf_percent$$00000013  c_w.l(_printf_c.o)
    0x08000282   0x08000282   0x00000006   Code   RO          134    .ARM.Collect$$_printf_percent$$00000014  c_w.l(_printf_s.o)
    0x08000288   0x08000288   0x00000006   Code   RO          152    .ARM.Collect$$_printf_percent$$00000015  c_w.l(_printf_lc.o)
    0x0800028e   0x0800028e   0x00000006   Code   RO          153    .ARM.Collect$$_printf_percent$$00000016  c_w.l(_printf_ls.o)
    0x08000294   0x08000294   0x00000004   Code   RO          216    .ARM.Collect$$_printf_percent$$00000017  c_w.l(_printf_percent_end.o)
    0x08000298   0x08000298   0x00000002   Code   RO          303    .ARM.Collect$$libinit$$00000000  c_w.l(libinit.o)
    0x0800029a   0x0800029a   0x00000004   Code   RO          345    .ARM.Collect$$libinit$$00000001  c_w.l(libinit2.o)
    0x0800029e   0x0800029e   0x00000000   Code   RO          348    .ARM.Collect$$libinit$$00000004  c_w.l(libinit2.o)
    0x0800029e   0x0800029e   0x00000000   Code   RO          350    .ARM.Collect$$libinit$$00000006  c_w.l(libinit2.o)
    0x0800029e   0x0800029e   0x00000000   Code   RO          353    .ARM.Collect$$libinit$$0000000C  c_w.l(libinit2.o)
    0x0800029e   0x0800029e   0x00000000   Code   RO          355    .ARM.Collect$$libinit$$0000000E  c_w.l(libinit2.o)
    0x0800029e   0x0800029e   0x00000000   Code   RO          357    .ARM.Collect$$libinit$$00000010  c_w.l(libinit2.o)
    0x0800029e   0x0800029e   0x00000006   Code   RO          358    .ARM.Collect$$libinit$$00000011  c_w.l(libinit2.o)
    0x080002a4   0x080002a4   0x00000000   Code   RO          360    .ARM.Collect$$libinit$$00000013  c_w.l(libinit2.o)
    0x080002a4   0x080002a4   0x0000000c   Code   RO          361    .ARM.Collect$$libinit$$00000014  c_w.l(libinit2.o)
    0x080002b0   0x080002b0   0x00000000   Code   RO          362    .ARM.Collect$$libinit$$00000015  c_w.l(libinit2.o)
    0x080002b0   0x080002b0   0x00000000   Code   RO          364    .ARM.Collect$$libinit$$00000017  c_w.l(libinit2.o)
    0x080002b0   0x080002b0   0x0000000a   Code   RO          365    .ARM.Collect$$libinit$$00000018  c_w.l(libinit2.o)
    0x080002ba   0x080002ba   0x00000000   Code   RO          366    .ARM.Collect$$libinit$$00000019  c_w.l(libinit2.o)
    0x080002ba   0x080002ba   0x00000000   Code   RO          368    .ARM.Collect$$libinit$$0000001B  c_w.l(libinit2.o)
    0x080002ba   0x080002ba   0x00000000   Code   RO          370    .ARM.Collect$$libinit$$0000001D  c_w.l(libinit2.o)
    0x080002ba   0x080002ba   0x00000000   Code   RO          372    .ARM.Collect$$libinit$$0000001F  c_w.l(libinit2.o)
    0x080002ba   0x080002ba   0x00000000   Code   RO          374    .ARM.Collect$$libinit$$00000021  c_w.l(libinit2.o)
    0x080002ba   0x080002ba   0x00000000   Code   RO          376    .ARM.Collect$$libinit$$00000023  c_w.l(libinit2.o)
    0x080002ba   0x080002ba   0x00000000   Code   RO          378    .ARM.Collect$$libinit$$00000025  c_w.l(libinit2.o)
    0x080002ba   0x080002ba   0x00000000   Code   RO          380    .ARM.Collect$$libinit$$00000027  c_w.l(libinit2.o)
    0x080002ba   0x080002ba   0x00000000   Code   RO          384    .ARM.Collect$$libinit$$0000002E  c_w.l(libinit2.o)
    0x080002ba   0x080002ba   0x00000000   Code   RO          386    .ARM.Collect$$libinit$$00000030  c_w.l(libinit2.o)
    0x080002ba   0x080002ba   0x00000000   Code   RO          388    .ARM.Collect$$libinit$$00000032  c_w.l(libinit2.o)
    0x080002ba   0x080002ba   0x00000000   Code   RO          390    .ARM.Collect$$libinit$$00000034  c_w.l(libinit2.o)
    0x080002ba   0x080002ba   0x00000002   Code   RO          391    .ARM.Collect$$libinit$$00000035  c_w.l(libinit2.o)
    0x080002bc   0x080002bc   0x00000002   Code   RO          445    .ARM.Collect$$libshutdown$$00000000  c_w.l(libshutdown.o)
    0x080002be   0x080002be   0x00000000   Code   RO          478    .ARM.Collect$$libshutdown$$00000002  c_w.l(libshutdown2.o)
    0x080002be   0x080002be   0x00000000   Code   RO          480    .ARM.Collect$$libshutdown$$00000004  c_w.l(libshutdown2.o)
    0x080002be   0x080002be   0x00000000   Code   RO          483    .ARM.Collect$$libshutdown$$00000007  c_w.l(libshutdown2.o)
    0x080002be   0x080002be   0x00000000   Code   RO          486    .ARM.Collect$$libshutdown$$0000000A  c_w.l(libshutdown2.o)
    0x080002be   0x080002be   0x00000000   Code   RO          488    .ARM.Collect$$libshutdown$$0000000C  c_w.l(libshutdown2.o)
    0x080002be   0x080002be   0x00000000   Code   RO          491    .ARM.Collect$$libshutdown$$0000000F  c_w.l(libshutdown2.o)
    0x080002be   0x080002be   0x00000002   Code   RO          492    .ARM.Collect$$libshutdown$$00000010  c_w.l(libshutdown2.o)
    0x080002c0   0x080002c0   0x00000000   Code   RO           66    .ARM.Collect$$rtentry$$00000000  c_w.l(__rtentry.o)
    0x080002c0   0x080002c0   0x00000000   Code   RO          185    .ARM.Collect$$rtentry$$00000002  c_w.l(__rtentry2.o)
    0x080002c0   0x080002c0   0x00000006   Code   RO          197    .ARM.Collect$$rtentry$$00000004  c_w.l(__rtentry4.o)
    0x080002c6   0x080002c6   0x00000000   Code   RO          187    .ARM.Collect$$rtentry$$00000009  c_w.l(__rtentry2.o)
    0x080002c6   0x080002c6   0x00000004   Code   RO          188    .ARM.Collect$$rtentry$$0000000A  c_w.l(__rtentry2.o)
    0x080002ca   0x080002ca   0x00000000   Code   RO          190    .ARM.Collect$$rtentry$$0000000C  c_w.l(__rtentry2.o)
    0x080002ca   0x080002ca   0x00000008   Code   RO          191    .ARM.Collect$$rtentry$$0000000D  c_w.l(__rtentry2.o)
    0x080002d2   0x080002d2   0x00000002   Code   RO          330    .ARM.Collect$$rtexit$$00000000  c_w.l(rtexit.o)
    0x080002d4   0x080002d4   0x00000000   Code   RO          405    .ARM.Collect$$rtexit$$00000002  c_w.l(rtexit2.o)
    0x080002d4   0x080002d4   0x00000004   Code   RO          406    .ARM.Collect$$rtexit$$00000003  c_w.l(rtexit2.o)
    0x080002d8   0x080002d8   0x00000006   Code   RO          407    .ARM.Collect$$rtexit$$00000004  c_w.l(rtexit2.o)
    0x080002de   0x080002de   0x00000002   PAD
    0x080002e0   0x080002e0   0x00000040   Code   RO           30    .text               startup_stm32f401xc.o
    0x08000320   0x08000320   0x00000018   Code   RO           52    .text               c_w.l(printf.o)
    0x08000338   0x08000338   0x00000014   Code   RO           54    .text               c_w.l(fprintf.o)
    0x0800034c   0x0800034c   0x00000020   Code   RO           56    .text               c_w.l(scanf.o)
    0x0800036c   0x0800036c   0x00000038   Code   RO           58    .text               c_w.l(gets.o)
    0x080003a4   0x080003a4   0x0000002c   Code   RO           60    .text               c_w.l(puts.o)
    0x080003d0   0x080003d0   0x00000006   Code   RO           62    .text               c_w.l(heapauxi.o)
    0x080003d6   0x080003d6   0x0000004e   Code   RO           69    .text               c_w.l(_printf_pad.o)
    0x08000424   0x08000424   0x00000024   Code   RO           71    .text               c_w.l(_printf_truncate.o)
    0x08000448   0x08000448   0x00000052   Code   RO           73    .text               c_w.l(_printf_str.o)
    0x0800049a   0x0800049a   0x00000002   PAD
    0x0800049c   0x0800049c   0x00000078   Code   RO           75    .text               c_w.l(_printf_dec.o)
    0x08000514   0x08000514   0x00000028   Code   RO           77    .text               c_w.l(_printf_charcount.o)
    0x0800053c   0x0800053c   0x00000024   Code   RO           79    .text               c_w.l(_printf_char_file.o)
    0x08000560   0x08000560   0x000000bc   Code   RO           81    .text               c_w.l(_printf_wctomb.o)
    0x0800061c   0x0800061c   0x0000007c   Code   RO           84    .text               c_w.l(_printf_longlong_dec.o)
    0x08000698   0x08000698   0x00000070   Code   RO           90    .text               c_w.l(_printf_oct_int_ll.o)
    0x08000708   0x08000708   0x00000094   Code   RO          110    .text               c_w.l(_printf_hex_int_ll_ptr.o)
    0x0800079c   0x0800079c   0x00000188   Code   RO          130    .text               c_w.l(__printf_flags_ss_wp.o)
    0x08000924   0x08000924   0x00000156   Code   RO          156    .text               c_w.l(_scanf_longlong.o)
    0x08000a7a   0x08000a7a   0x0000014c   Code   RO          158    .text               c_w.l(_scanf_int.o)
    0x08000bc6   0x08000bc6   0x000000e0   Code   RO          160    .text               c_w.l(_scanf_str.o)
    0x08000ca6   0x08000ca6   0x00000002   PAD
    0x08000ca8   0x08000ca8   0x00000018   Code   RO          162    .text               c_w.l(scanf_char_file.o)
    0x08000cc0   0x08000cc0   0x00000114   Code   RO          164    .text               c_w.l(_scanf_mbtowc.o)
    0x08000dd4   0x08000dd4   0x000000e8   Code   RO          166    .text               c_w.l(_scanf_wctomb.o)
    0x08000ebc   0x08000ebc   0x000000d0   Code   RO          168    .text               c_w.l(_scanf_wstr.o)
    0x08000f8c   0x08000f8c   0x00000008   Code   RO          170    .text               c_w.l(ferror.o)
    0x08000f94   0x08000f94   0x0000008a   Code   RO          199    .text               c_w.l(lludiv10.o)
    0x0800101e   0x0800101e   0x000000b2   Code   RO          201    .text               c_w.l(_printf_intcommon.o)
    0x080010d0   0x080010d0   0x0000041c   Code   RO          203    .text               c_w.l(_printf_fp_dec.o)
    0x080014ec   0x080014ec   0x000002fc   Code   RO          207    .text               c_w.l(_printf_fp_hex.o)
    0x080017e8   0x080017e8   0x00000030   Code   RO          210    .text               c_w.l(_printf_char_common.o)
    0x08001818   0x08001818   0x0000002c   Code   RO          212    .text               c_w.l(_printf_char.o)
    0x08001844   0x08001844   0x0000002c   Code   RO          214    .text               c_w.l(_printf_wchar.o)
    0x08001870   0x08001870   0x0000001c   Code   RO          217    .text               c_w.l(_chval.o)
    0x0800188c   0x0800188c   0x000004f8   Code   RO          219    .text               c_w.l(scanf_fp.o)
    0x08001d84   0x08001d84   0x0000002c   Code   RO          223    .text               c_w.l(scanf_char.o)
    0x08001db0   0x08001db0   0x0000001e   Code   RO          225    .text               c_w.l(_scanf_wcharmap.o)
    0x08001dce   0x08001dce   0x00000048   Code   RO          227    .text               c_w.l(backspace.o)
    0x08001e16   0x08001e16   0x00000040   Code   RO          231    .text               c_w.l(_mbrtoc16.o)
    0x08001e56   0x08001e56   0x00000048   Code   RO          233    .text               c_w.l(_c16rtomb.o)
    0x08001e9e   0x08001e9e   0x0000004a   Code   RO          235    .text               c_w.l(sys_stackheap_outer.o)
    0x08001ee8   0x08001ee8   0x00000010   Code   RO          237    .text               c_w.l(rt_ctype_table.o)
    0x08001ef8   0x08001ef8   0x00000008   Code   RO          242    .text               c_w.l(rt_locale_intlibspace.o)
    0x08001f00   0x08001f00   0x00000008   Code   RO          247    .text               c_w.l(rt_errno_addr_intlibspace.o)
    0x08001f08   0x08001f08   0x00000026   Code   RO          249    .text               c_w.l(llshl.o)
    0x08001f2e   0x08001f2e   0x00000012   Code   RO          251    .text               c_w.l(isspace.o)
    0x08001f40   0x08001f40   0x00000080   Code   RO          253    .text               c_w.l(_printf_fp_infnan.o)
    0x08001fc0   0x08001fc0   0x00000374   Code   RO          257    .text               c_w.l(_scanf.o)
    0x08002334   0x08002334   0x000000e4   Code   RO          259    .text               c_w.l(bigflt0.o)
    0x08002418   0x08002418   0x00000048   Code   RO          289    .text               c_w.l(ungetc.o)
    0x08002460   0x08002460   0x00000012   Code   RO          294    .text               c_w.l(exit.o)
    0x08002472   0x08002472   0x00000002   PAD
    0x08002474   0x08002474   0x00000008   Code   RO          327    .text               c_w.l(libspace.o)
    0x0800247c   0x0800247c   0x00000016   Code   RO          332    .text               c_w.l(_rserrno.o)
    0x08002492   0x08002492   0x00000002   PAD
    0x08002494   0x08002494   0x00000320   Code   RO          334    .text               c_w.l(scanf_hexfp.o)
    0x080027b4   0x080027b4   0x00000134   Code   RO          336    .text               c_w.l(scanf_infnan.o)
    0x080028e8   0x080028e8   0x0000007c   Code   RO          343    .text               c_w.l(strcmpv7em.o)
    0x08002964   0x08002964   0x0000000c   Code   RO          435    .text               c_w.l(sys_exit.o)
    0x08002970   0x08002970   0x00000002   Code   RO          468    .text               c_w.l(use_no_semi.o)
    0x08002972   0x08002972   0x00000000   Code   RO          470    .text               c_w.l(indicate_semi.o)
    0x08002972   0x08002972   0x00000002   PAD
    0x08002974   0x08002974   0x00000012   Code   RO           37    .text.SystemInit    system_stm32f4xx.o
    0x08002986   0x08002986   0x00000002   PAD
    0x08002988   0x08002988   0x0000006c   Code   RO            4    .text.UART1         main.o
    0x080029f4   0x080029f4   0x00000022   Code   RO           10    .text.UART1_read    main.o
    0x08002a16   0x08002a16   0x00000002   PAD
    0x08002a18   0x08002a18   0x0000002e   Code   RO            8    .text.UART1_write   main.o
    0x08002a46   0x08002a46   0x00000002   PAD
    0x08002a48   0x08002a48   0x0000003e   Code   RO            6    .text.delayMS       main.o
    0x08002a86   0x08002a86   0x00000002   PAD
    0x08002a88   0x08002a88   0x0000002c   Code   RO           12    .text.fgetc         main.o
    0x08002ab4   0x08002ab4   0x00000012   Code   RO           14    .text.fputc         main.o
    0x08002ac6   0x08002ac6   0x00000002   PAD
    0x08002ac8   0x08002ac8   0x000000a6   Code   RO            2    .text.main          main.o
    0x08002b6e   0x08002b6e   0x0000003e   Code   RO          262    CL$$btod_d2e        c_w.l(btod.o)
    0x08002bac   0x08002bac   0x00000046   Code   RO          264    CL$$btod_d2e_denorm_low  c_w.l(btod.o)
    0x08002bf2   0x08002bf2   0x00000060   Code   RO          263    CL$$btod_d2e_norm_op1  c_w.l(btod.o)
    0x08002c52   0x08002c52   0x00000002   PAD
    0x08002c54   0x08002c54   0x00000338   Code   RO          272    CL$$btod_div_common  c_w.l(btod.o)
    0x08002f8c   0x08002f8c   0x00000084   Code   RO          270    CL$$btod_e2d        c_w.l(btod.o)
    0x08003010   0x08003010   0x000000dc   Code   RO          269    CL$$btod_e2e        c_w.l(btod.o)
    0x080030ec   0x080030ec   0x0000002a   Code   RO          266    CL$$btod_ediv       c_w.l(btod.o)
    0x08003116   0x08003116   0x0000002a   Code   RO          268    CL$$btod_edivd      c_w.l(btod.o)
    0x08003140   0x08003140   0x0000002a   Code   RO          265    CL$$btod_emul       c_w.l(btod.o)
    0x0800316a   0x0800316a   0x0000002a   Code   RO          267    CL$$btod_emuld      c_w.l(btod.o)
    0x08003194   0x08003194   0x00000244   Code   RO          271    CL$$btod_mult_common  c_w.l(btod.o)
    0x080033d8   0x080033d8   0x00000030   Code   RO          317    i.__ARM_fpclassify  m_wm.l(fpclassify.o)
    0x08003408   0x08003408   0x000000f8   Code   RO          319    i.__hardfp___mathlib_tofloat  m_wm.l(narrow.o)
    0x08003500   0x08003500   0x000000d0   Code   RO          427    i.__hardfp_ldexp    m_wm.l(ldexp.o)
    0x080035d0   0x080035d0   0x00000020   Code   RO          454    i.__mathlib_dbl_overflow  m_wm.l(dunder.o)
    0x080035f0   0x080035f0   0x00000020   Code   RO          456    i.__mathlib_dbl_underflow  m_wm.l(dunder.o)
    0x08003610   0x08003610   0x00000012   Code   RO          320    i.__mathlib_narrow  m_wm.l(narrow.o)
    0x08003622   0x08003622   0x00000014   Code   RO          429    i.__support_ldexp   m_wm.l(ldexp.o)
    0x08003636   0x08003636   0x0000000e   Code   RO          123    i._is_digit         c_w.l(__printf_wp.o)
    0x08003644   0x08003644   0x00000004   PAD
    0x08003648   0x08003648   0x0000008c   Code   RO          400    i.frexp             m_wm.l(frexp.o)
    0x080036d4   0x080036d4   0x0000002c   Code   RO          292    locale$$code        c_w.l(lc_numeric_c.o)
    0x08003700   0x08003700   0x0000002c   Code   RO          341    locale$$code        c_w.l(lc_ctype_c.o)
    0x0800372c   0x0800372c   0x00000062   Code   RO          392    x$fpl$d2f           fz_wm.l(d2f.o)
    0x0800378e   0x0800378e   0x00000002   PAD
    0x08003790   0x08003790   0x00000010   Code   RO          499    x$fpl$dcheck1       fz_wm.l(dcheck1.o)
    0x080037a0   0x080037a0   0x00000018   Code   RO          415    x$fpl$dcmpinf       fz_wm.l(dcmpi.o)
    0x080037b8   0x080037b8   0x00000078   Code   RO          394    x$fpl$deqf          fz_wm.l(deqf.o)
    0x08003830   0x08003830   0x00000078   Code   RO          417    x$fpl$dleqf         fz_wm.l(dleqf.o)
    0x080038a8   0x080038a8   0x00000154   Code   RO          419    x$fpl$dmul          fz_wm.l(dmul.o)
    0x080039fc   0x080039fc   0x0000009c   Code   RO          421    x$fpl$dnaninf       fz_wm.l(dnaninf.o)
    0x08003a98   0x08003a98   0x0000000c   Code   RO          446    x$fpl$dretinf       fz_wm.l(dretinf.o)
    0x08003aa4   0x08003aa4   0x0000006c   Code   RO          396    x$fpl$drleqf        fz_wm.l(drleqf.o)
    0x08003b10   0x08003b10   0x0000001a   Code   RO          423    x$fpl$fpinit        fz_wm.l(fpinit.o)
    0x08003b2a   0x08003b2a   0x0000000a   Code   RO          425    x$fpl$fretinf       fz_wm.l(fretinf.o)
    0x08003b34   0x08003b34   0x00000006   Code   RO          308    x$fpl$ieeestatus    fz_wm.l(istatus.o)
    0x08003b3a   0x08003b3a   0x00000004   Code   RO          174    x$fpl$printf1       fz_wm.l(printf1.o)
    0x08003b3e   0x08003b3e   0x00000004   Code   RO          176    x$fpl$printf2       fz_wm.l(printf2.o)
    0x08003b42   0x08003b42   0x00000064   Code   RO          511    x$fpl$retnan        fz_wm.l(retnan.o)
    0x08003ba6   0x08003ba6   0x0000005c   Code   RO          448    x$fpl$scalbn        fz_wm.l(scalbn.o)
    0x08003c02   0x08003c02   0x00000004   Code   RO          182    x$fpl$scanf1        fz_wm.l(scanf1.o)
    0x08003c06   0x08003c06   0x00000008   Code   RO          310    x$fpl$scanf2        fz_wm.l(scanf2.o)
    0x08003c0e   0x08003c0e   0x00000030   Code   RO          517    x$fpl$trapveneer    fz_wm.l(trapv.o)
    0x08003c3e   0x08003c3e   0x00000000   Code   RO          316    x$fpl$usenofp       fz_wm.l(usenofp.o)
    0x08003c3e   0x08003c3e   0x00000002   PAD
    0x08003c40   0x08003c40   0x00000008   Data   RO           82    .constdata          c_w.l(_printf_wctomb.o)
    0x08003c48   0x08003c48   0x00000028   Data   RO          111    .constdata          c_w.l(_printf_hex_int_ll_ptr.o)
    0x08003c70   0x08003c70   0x00000011   Data   RO          131    .constdata          c_w.l(__printf_flags_ss_wp.o)
    0x08003c81   0x08003c81   0x00000026   Data   RO          208    .constdata          c_w.l(_printf_fp_hex.o)
    0x08003ca7   0x08003ca7   0x00000001   PAD
    0x08003ca8   0x08003ca8   0x00000094   Data   RO          260    .constdata          c_w.l(bigflt0.o)
    0x08003d3c   0x08003d3c   0x00000092   Data   RO           16    .rodata.str1.1      main.o
    0x08003dce   0x08003dce   0x00000002   PAD
    0x08003dd0   0x08003dd0   0x00000020   Data   RO          542    Region$$Table       anon$$obj.o
    0x08003df0   0x08003df0   0x00000008   Data   RO          304    c$$dinf             fz_wm.l(fpconst.o)
    0x08003df8   0x08003df8   0x00000008   Data   RO          307    c$$dmax             fz_wm.l(fpconst.o)
    0x08003e00   0x08003e00   0x0000001c   Data   RO          291    locale$$data        c_w.l(lc_numeric_c.o)
    0x08003e1c   0x08003e1c   0x00000110   Data   RO          340    locale$$data        c_w.l(lc_ctype_c.o)


    Execution Region RW_IRAM1 (Exec base: 0x20000000, Load base: 0x08003f30, Size: 0x00000760, Max: 0x00010000, ABSOLUTE)

    Exec Addr    Load Addr    Size         Type   Attr      Idx    E Section Name        Object

    0x20000000   0x08003f30   0x00000054   Data   RW           18    .data.__stderr      main.o
    0x20000054   0x08003f84   0x00000054   Data   RW           17    .data.__stdout      main.o
    0x200000a8        -       0x00000060   Zero   RW          328    .bss                c_w.l(libspace.o)
    0x20000108        -       0x00000054   Zero   RW           19    .bss.__stdin        main.o
    0x2000015c   0x08003fd8   0x00000004   PAD
    0x20000160        -       0x00000200   Zero   RW           28    HEAP                startup_stm32f401xc.o
    0x20000360        -       0x00000400   Zero   RW           27    STACK               startup_stm32f401xc.o


==============================================================================

Image component sizes


      Code (inc. data)   RO Data    RW Data    ZI Data      Debug   Object Name

       478          0        146        168         84       3255   main.o
        64         26        404          0       1536        892   startup_stm32f401xc.o
        18          0          0          0          0       2700   system_stm32f4xx.o

    ----------------------------------------------------------------------
       570         26        584        168       1624       6847   Object Totals
         0          0         32          0          0          0   (incl. Generated)
        10          0          2          0          4          0   (incl. Padding)

    ----------------------------------------------------------------------

      Code (inc. data)   RO Data    RW Data    ZI Data      Debug   Library Member Name

         8          0          0          0          0         68   __main.o
       392          4         17          0          0         92   __printf_flags_ss_wp.o
        14          0          0          0          0         68   __printf_wp.o
         0          0          0          0          0          0   __rtentry.o
        12          0          0          0          0          0   __rtentry2.o
         6          0          0          0          0          0   __rtentry4.o
        52          8          0          0          0          0   __scatter.o
        26          0          0          0          0          0   __scatter_copy.o
        28          0          0          0          0          0   __scatter_zi.o
        72          0          0          0          0         96   _c16rtomb.o
        28          0          0          0          0         68   _chval.o
        64          0          0          0          0         84   _mbrtoc16.o
         6          0          0          0          0          0   _printf_a.o
         6          0          0          0          0          0   _printf_c.o
        44          0          0          0          0        108   _printf_char.o
        48          6          0          0          0         96   _printf_char_common.o
        36          4          0          0          0         80   _printf_char_file.o
        40          0          0          0          0         68   _printf_charcount.o
         6          0          0          0          0          0   _printf_d.o
       120         16          0          0          0         92   _printf_dec.o
         6          0          0          0          0          0   _printf_e.o
         6          0          0          0          0          0   _printf_f.o
      1052          0          0          0          0        148   _printf_fp_dec.o
       764          8         38          0          0        100   _printf_fp_hex.o
       128         16          0          0          0         84   _printf_fp_infnan.o
         6          0          0          0          0          0   _printf_g.o
       148          4         40          0          0        160   _printf_hex_int_ll_ptr.o
         6          0          0          0          0          0   _printf_i.o
       178          0          0          0          0         88   _printf_intcommon.o
        10          0          0          0          0          0   _printf_l.o
         6          0          0          0          0          0   _printf_lc.o
        10          0          0          0          0          0   _printf_ll.o
         6          0          0          0          0          0   _printf_lld.o
         6          0          0          0          0          0   _printf_lli.o
         6          0          0          0          0          0   _printf_llo.o
         6          0          0          0          0          0   _printf_llu.o
         6          0          0          0          0          0   _printf_llx.o
       124         16          0          0          0         92   _printf_longlong_dec.o
         6          0          0          0          0          0   _printf_ls.o
         6          0          0          0          0          0   _printf_n.o
         6          0          0          0          0          0   _printf_o.o
       112          8          0          0          0        124   _printf_oct_int_ll.o
         6          0          0          0          0          0   _printf_p.o
        78          0          0          0          0        108   _printf_pad.o
         0          0          0          0          0          0   _printf_percent.o
         4          0          0          0          0          0   _printf_percent_end.o
         6          0          0          0          0          0   _printf_s.o
        82          0          0          0          0         80   _printf_str.o
        36          0          0          0          0         84   _printf_truncate.o
         6          0          0          0          0          0   _printf_u.o
        44          0          0          0          0        108   _printf_wchar.o
       188          6          8          0          0         92   _printf_wctomb.o
         6          0          0          0          0          0   _printf_x.o
        22          0          0          0          0        100   _rserrno.o
       884          6          0          0          0        100   _scanf.o
       332          0          0          0          0         96   _scanf_int.o
       342          0          0          0          0        100   _scanf_longlong.o
       276          0          0          0          0        100   _scanf_mbtowc.o
       224          0          0          0          0         96   _scanf_str.o
        30          0          0          0          0         76   _scanf_wcharmap.o
       232          0          0          0          0        100   _scanf_wctomb.o
       208          0          0          0          0         96   _scanf_wstr.o
        72          0          0          0          0         92   backspace.o
       228          4        148          0          0         96   bigflt0.o
      2152        136          0          0          0        956   btod.o
        18          0          0          0          0         80   exit.o
         8          0          0          0          0         68   ferror.o
        20          0          0          0          0         84   fprintf.o
        56          4          0          0          0         80   gets.o
         6          0          0          0          0        152   heapauxi.o
         0          0          0          0          0          0   indicate_semi.o
        18          0          0          0          0         76   isspace.o
        44         10        272          0          0         76   lc_ctype_c.o
        44         10         28          0          0         76   lc_numeric_c.o
         2          0          0          0          0          0   libinit.o
        34          0          0          0          0          0   libinit2.o
         2          0          0          0          0          0   libshutdown.o
         2          0          0          0          0          0   libshutdown2.o
         8          4          0          0         96         68   libspace.o
        38          0          0          0          0         68   llshl.o
       138          0          0          0          0         80   lludiv10.o
        24          4          0          0          0         84   printf.o
        44          4          0          0          0         84   puts.o
        16          4          0          0          0         76   rt_ctype_table.o
         8          4          0          0          0         68   rt_errno_addr_intlibspace.o
         8          4          0          0          0         68   rt_locale_intlibspace.o
         2          0          0          0          0          0   rtexit.o
        10          0          0          0          0          0   rtexit2.o
        32          6          0          0          0         84   scanf.o
        44          8          0          0          0         84   scanf_char.o
        24          8          0          0          0         68   scanf_char_file.o
      1272         16          0          0          0        168   scanf_fp.o
       800         14          0          0          0        100   scanf_hexfp.o
       308         16          0          0          0        100   scanf_infnan.o
       124          0          0          0          0         88   strcmpv7em.o
        12          4          0          0          0         68   sys_exit.o
        74          0          0          0          0         80   sys_stackheap_outer.o
        72         12          0          0          0         68   ungetc.o
         2          0          0          0          0         68   use_no_semi.o
        98          4          0          0          0        140   d2f.o
        16          4          0          0          0        116   dcheck1.o
        24          0          0          0          0        116   dcmpi.o
       120          4          0          0          0        140   deqf.o
       120          4          0          0          0        140   dleqf.o
       340         12          0          0          0        152   dmul.o
       156          4          0          0          0        140   dnaninf.o
        12          0          0          0          0        116   dretinf.o
       108          0          0          0          0        128   drleqf.o
         0          0         16          0          0          0   fpconst.o
        26          0          0          0          0        116   fpinit.o
        10          0          0          0          0        116   fretinf.o
         6          0          0          0          0        116   istatus.o
         4          0          0          0          0        116   printf1.o
         4          0          0          0          0        116   printf2.o
       100          0          0          0          0        116   retnan.o
        92          0          0          0          0        116   scalbn.o
         4          0          0          0          0        116   scanf1.o
         8          0          0          0          0        132   scanf2.o
        48          0          0          0          0        116   trapv.o
         0          0          0          0          0          0   usenofp.o
        64         16          0          0          0        248   dunder.o
        48          0          0          0          0        124   fpclassify.o
       140         22          0          0          0        132   frexp.o
       228          8          0          0          0        308   ldexp.o
       266         16          0          0          0        308   narrow.o

    ----------------------------------------------------------------------
     14450        468        568          0         96       9944   Library Totals
        24          0          1          0          0          0   (incl. Padding)

    ----------------------------------------------------------------------

      Code (inc. data)   RO Data    RW Data    ZI Data      Debug   Library Name

     12384        374        551          0         96       6460   c_w.l
      1296         32         16          0          0       2364   fz_wm.l
       746         62          0          0          0       1120   m_wm.l

    ----------------------------------------------------------------------
     14450        468        568          0         96       9944   Library Totals

    ----------------------------------------------------------------------

==============================================================================


      Code (inc. data)   RO Data    RW Data    ZI Data      Debug   

     15020        494       1152        168       1720      10735   Grand Totals
     15020        494       1152        168       1720      10735   ELF Image Totals
     15020        494       1152        168          0          0   ROM Totals

==============================================================================

    Total RO  Size (Code + RO Data)                16172 (  15.79kB)
    Total RW  Size (RW Data + ZI Data)              1888 (   1.84kB)
    Total ROM Size (Code + RO Data + RW Data)      16340 (  15.96kB)

==============================================================================

